Component: Arm Compiler for Embedded 6.19 Tool: armlink [5e73cb00]

==============================================================================

Section Cross References

    startup_stm32f030xc.o(STACK) refers (Special) to heapauxi.o(.text) for __use_two_region_memory
    startup_stm32f030xc.o(HEAP) refers (Special) to heapauxi.o(.text) for __use_two_region_memory
    startup_stm32f030xc.o(RESET) refers (Special) to heapauxi.o(.text) for __use_two_region_memory
    startup_stm32f030xc.o(RESET) refers to startup_stm32f030xc.o(STACK) for __initial_sp
    startup_stm32f030xc.o(RESET) refers to startup_stm32f030xc.o(.text) for Reset_Handler
    startup_stm32f030xc.o(RESET) refers to stm32f0xx_it.o(.text.NMI_Handler) for NMI_Handler
    startup_stm32f030xc.o(RESET) refers to stm32f0xx_it.o(.text.HardFault_Handler) for HardFault_Handler
    startup_stm32f030xc.o(RESET) refers to stm32f0xx_it.o(.text.SVC_Handler) for SVC_Handler
    startup_stm32f030xc.o(RESET) refers to stm32f0xx_it.o(.text.PendSV_Handler) for PendSV_Handler
    startup_stm32f030xc.o(RESET) refers to stm32f0xx_it.o(.text.SysTick_Handler) for SysTick_Handler
    startup_stm32f030xc.o(RESET) refers to stm32f0xx_it.o(.text.EXTI2_3_IRQHandler) for EXTI2_3_IRQHandler
    startup_stm32f030xc.o(RESET) refers to stm32f0xx_it.o(.text.TIM3_IRQHandler) for TIM3_IRQHandler
    startup_stm32f030xc.o(RESET) refers to stm32f0xx_it.o(.text.I2C1_IRQHandler) for I2C1_IRQHandler
    startup_stm32f030xc.o(RESET) refers to stm32f0xx_it.o(.text.SPI1_IRQHandler) for SPI1_IRQHandler
    startup_stm32f030xc.o(RESET) refers to stm32f0xx_it.o(.text.USART1_IRQHandler) for USART1_IRQHandler
    startup_stm32f030xc.o(RESET) refers to stm32f0xx_it.o(.text.USART3_6_IRQHandler) for USART3_6_IRQHandler
    startup_stm32f030xc.o(.text) refers (Special) to heapauxi.o(.text) for __use_two_region_memory
    startup_stm32f030xc.o(.text) refers to system_stm32f0xx.o(.text.SystemInit) for SystemInit
    startup_stm32f030xc.o(.text) refers to __main.o(!!!main) for __main
    startup_stm32f030xc.o(.text) refers to startup_stm32f030xc.o(HEAP) for Heap_Mem
    startup_stm32f030xc.o(.text) refers to startup_stm32f030xc.o(STACK) for Stack_Mem
    mc60.o(.text.MC60_PowerOn) refers to stm32f0xx_hal_gpio.o(.text.HAL_GPIO_WritePin) for HAL_GPIO_WritePin
    mc60.o(.text.MC60_PowerOn) refers to stm32f0xx_hal.o(.text.HAL_Delay) for HAL_Delay
    mc60.o(.ARM.exidx.text.MC60_PowerOn) refers to mc60.o(.text.MC60_PowerOn) for [Anonymous Symbol]
    mc60.o(.text.MC60_PowerOff) refers to stm32f0xx_hal_gpio.o(.text.HAL_GPIO_WritePin) for HAL_GPIO_WritePin
    mc60.o(.text.MC60_PowerOff) refers to stm32f0xx_hal.o(.text.HAL_Delay) for HAL_Delay
    mc60.o(.ARM.exidx.text.MC60_PowerOff) refers to mc60.o(.text.MC60_PowerOff) for [Anonymous Symbol]
    mc60.o(.text.ATCommand_Send) refers to strlen.o(.text) for strlen
    mc60.o(.text.ATCommand_Send) refers to stm32f0xx_hal_uart.o(.text.HAL_UART_Transmit) for HAL_UART_Transmit
    mc60.o(.text.ATCommand_Send) refers to main.o(.bss.huart3) for huart3
    mc60.o(.ARM.exidx.text.ATCommand_Send) refers to mc60.o(.text.ATCommand_Send) for [Anonymous Symbol]
    mc60.o(.text.expectedResponse) refers to h1_alloc.o(.text) for malloc
    mc60.o(.text.expectedResponse) refers to strstr.o(.text) for strstr
    mc60.o(.text.expectedResponse) refers to rt_memcpy.o(.text) for __aeabi_memcpy
    mc60.o(.text.expectedResponse) refers to mc60.o(.rodata.str1.1) for [Anonymous Symbol]
    mc60.o(.text.expectedResponse) refers to mc60.o(.rodata.str1.4) for [Anonymous Symbol]
    mc60.o(.ARM.exidx.text.expectedResponse) refers to mc60.o(.text.expectedResponse) for [Anonymous Symbol]
    mc60.o(.text.sendCommandToMC60) refers to strstr.o(.text) for strstr
    mc60.o(.text.sendCommandToMC60) refers to mqtt.o(.text.MQTT_Server_Pub) for MQTT_Server_Pub
    mc60.o(.text.sendCommandToMC60) refers to strlen.o(.text) for strlen
    mc60.o(.text.sendCommandToMC60) refers to stm32f0xx_hal_uart.o(.text.HAL_UART_Transmit) for HAL_UART_Transmit
    mc60.o(.text.sendCommandToMC60) refers to stm32f0xx_hal.o(.text.HAL_Delay) for HAL_Delay
    mc60.o(.text.sendCommandToMC60) refers to mc60.o(.text.expectedResponse) for expectedResponse
    mc60.o(.text.sendCommandToMC60) refers to stringprocessing.o(.text.rxProcess) for rxProcess
    mc60.o(.text.sendCommandToMC60) refers to h1_free.o(.text) for free
    mc60.o(.text.sendCommandToMC60) refers to mc60.o(.rodata.str1.1) for [Anonymous Symbol]
    mc60.o(.text.sendCommandToMC60) refers to main.o(.bss.huart3) for huart3
    mc60.o(.text.sendCommandToMC60) refers to uart.o(.bss.rx_buffer_temp) for rx_buffer_temp
    mc60.o(.ARM.exidx.text.sendCommandToMC60) refers to mc60.o(.text.sendCommandToMC60) for [Anonymous Symbol]
    mc60.o(.text.GNSS_Power_On) refers to mc60.o(.text.sendCommandToMC60) for sendCommandToMC60
    mc60.o(.text.GNSS_Power_On) refers to stm32f0xx_hal.o(.text.HAL_Delay) for HAL_Delay
[...]
    __arm_cp.1_17                            0x080067bc   Number         4  main.o(.text.main)
    __arm_cp.1_1                             0x08006854   Number         4  main.o(.text.main)
    __arm_cp.1_2                             0x08006858   Number         4  main.o(.text.main)
    __arm_cp.1_3                             0x0800685c   Number         4  main.o(.text.main)
    __arm_cp.1_4                             0x08006860   Number         4  main.o(.text.main)
    __arm_cp.1_5                             0x08006864   Number         4  main.o(.text.main)
    __arm_cp.1_6                             0x08006868   Number         4  main.o(.text.main)
    __arm_cp.1_7                             0x0800686c   Number         4  main.o(.text.main)
    __arm_cp.1_8                             0x08006870   Number         4  main.o(.text.main)
    __arm_cp.1_9                             0x08006874   Number         4  main.o(.text.main)
    __arm_cp.1_10                            0x08006878   Number         4  main.o(.text.main)
    __arm_cp.1_11                            0x0800687c   Number         4  main.o(.text.main)
    __arm_cp.1_12                            0x08006880   Number         4  main.o(.text.main)
    __arm_cp.1_13                            0x08006884   Number         4  main.o(.text.main)
    __arm_cp.1_14                            0x08006888   Number         4  main.o(.text.main)
    __arm_cp.1_15                            0x0800688c   Number         4  main.o(.text.main)
    __arm_cp.1_16                            0x08006890   Number         4  main.o(.text.main)
    [Anonymous Symbol]                       0x08006894   Section        0  mqtt.o(.text.publishHandle)
    __arm_cp.2_0                             0x0800696c   Number         4  mqtt.o(.text.publishHandle)
    __arm_cp.2_1                             0x08006970   Number         4  mqtt.o(.text.publishHandle)
    __arm_cp.2_2                             0x08006974   Number         4  mqtt.o(.text.publishHandle)
    __arm_cp.2_3                             0x08006978   Number         4  mqtt.o(.text.publishHandle)
    __arm_cp.2_4                             0x0800697c   Number         4  mqtt.o(.text.publishHandle)
    __arm_cp.2_7                             0x08006980   Number         4  mqtt.o(.text.publishHandle)
    __arm_cp.2_8                             0x08006984   Number         4  mqtt.o(.text.publishHandle)
    __arm_cp.2_9                             0x08006988   Number         4  mqtt.o(.text.publishHandle)
    [Anonymous Symbol]                       0x0800698c   Section        0  stringprocessing.o(.text.rxProcess)
    __arm_cp.2_0                             0x08006a20   Number         4  stringprocessing.o(.text.rxProcess)
    __arm_cp.2_1                             0x08006a24   Number         4  stringprocessing.o(.text.rxProcess)
    __arm_cp.2_4                             0x08006a38   Number         4  stringprocessing.o(.text.rxProcess)
    __arm_cp.2_6                             0x08006a3c   Number         4  stringprocessing.o(.text.rxProcess)
    __arm_cp.2_7                             0x08006a40   Number         4  stringprocessing.o(.text.rxProcess)
    [Anonymous Symbol]                       0x08006a44   Section        0  mc60.o(.text.sendCommandToMC60)
    __arm_cp.4_0                             0x08006aac   Number         4  mc60.o(.text.sendCommandToMC60)
    __arm_cp.4_1                             0x08006ab0   Number         4  mc60.o(.text.sendCommandToMC60)
    __arm_cp.4_4                             0x08006ac8   Number         4  mc60.o(.text.sendCommandToMC60)
    __arm_cp.4_5                             0x08006acc   Number         4  mc60.o(.text.sendCommandToMC60)
    [Anonymous Symbol]                       0x08006ad0   Section        0  gnss_data.o(.text.timedatelatlong_data_format)
    __arm_cp.14_0                            0x08006c60   Number         4  gnss_data.o(.text.timedatelatlong_data_format)
    __arm_cp.14_1                            0x08006c64   Number         4  gnss_data.o(.text.timedatelatlong_data_format)
    __arm_cp.14_2                            0x08006c68   Number         4  gnss_data.o(.text.timedatelatlong_data_format)
    __arm_cp.14_3                            0x08006c6c   Number         4  gnss_data.o(.text.timedatelatlong_data_format)
    __arm_cp.14_4                            0x08006c70   Number         4  gnss_data.o(.text.timedatelatlong_data_format)
    .text_divfast                            0x08006c74   Section      502  aeabi_sdivfast.o(.text_divfast)
    i._is_digit                              0x08006e6a   Section        0  __printf_wp.o(i._is_digit)
    x$fpl$fadd                               0x08006e78   Section      140  faddsub.o(x$fpl$fadd)
    _fadd1                                   0x08006e85   Thumb Code     0  faddsub.o(x$fpl$fadd)
    x$fpl$fmul                               0x08006f04   Section      176  fmul.o(x$fpl$fmul)
    x$fpl$fsub                               0x08006fb4   Section      208  faddsub.o(x$fpl$fsub)
    _fsub1                                   0x08006fc1   Thumb Code     0  faddsub.o(x$fpl$fsub)
    maptable                                 0x08007084   Data          17  __printf_flags_wp.o(.constdata)
    .constdata                               0x08007084   Section       17  __printf_flags_wp.o(.constdata)
    x$fpl$usenofp                            0x08007084   Section        0  usenofp.o(x$fpl$usenofp)
    fdiv_tab                                 0x08007095   Data          64  fdiv.o(.constdata)
    .constdata                               0x08007095   Section       64  fdiv.o(.constdata)
    HAL_RCC_GetSysClockFreq.aPLLMULFactorTable 0x080070ed   Data          16  stm32f0xx_hal_rcc.o(.rodata.cst16)
    [Anonymous Symbol]                       0x080070ed   Section        0  stm32f0xx_hal_rcc.o(.rodata.cst16)
    HAL_RCC_GetSysClockFreq.aPredivFactorTable 0x080070fd   Data          16  stm32f0xx_hal_rcc.o(.rodata.cst16)
    [Anonymous Symbol]                       0x0800710d   Section        0  mc60.o(.rodata.str1.1)
    [Anonymous Symbol]                       0x08007131   Section        0  gnss_data.o(.rodata.str1.1)
    [Anonymous Symbol]                       0x08007149   Section        0  mqtt.o(.rodata.str1.1)
    [Anonymous Symbol]                       0x08007224   Section        0  stringprocessing.o(.rodata.str1.1)
    [Anonymous Symbol]                       0x08007238   Section        0  mc60.o(.rodata.str1.4)
    [Anonymous Symbol]                       0x08007258   Section        0  gnss_data.o(.rodata.str1.4)
    _strtok_saves1                           0x20000000   Data           4  strtok.o(.data)
    .data                                    0x20000000   Section        4  strtok.o(.data)
    [Anonymous Symbol]                       0x20000004   Section        0  timer.o(.data..L_MergedGlobals)
    [Anonymous Symbol]                       0x20000007   Section        0  stringprocessing.o(.data..L_MergedGlobals)
    [Anonymous Symbol]                       0x2000000c   Section        0  stm32f0xx_hal.o(.data..L_MergedGlobals)
    .bss                                     0x20000020   Section       96  libspace.o(.bss)
    [Anonymous Symbol]                       0x20000080   Section        0  main.o(.bss..L_MergedGlobals)
    [Anonymous Symbol]                       0x200000ec   Section        0  uart.o(.bss..L_MergedGlobals)
    Heap_Mem                                 0x20001760   Data         512  startup_stm32f030xc.o(HEAP)
    HEAP                                     0x20001760   Section      512  startup_stm32f030xc.o(HEAP)
    Stack_Mem                                0x20001960   Data        1024  startup_stm32f030xc.o(STACK)
    STACK                                    0x20001960   Section     1024  startup_stm32f030xc.o(STACK)
    __initial_sp                             0x20001d60   Data           0  startup_stm32f030xc.o(STACK)

    Global Symbols

    Symbol Name                              Value     Ov Type        Size  Object(Section)

    BuildAttributes$$THM_ISAv3M$S$PE$A:L22$X:L11$S22$IEEE1$IW$~IW$USESV6$~STKCKD$USESV7$~SHL$OTIME$ROPI$EBA8$UX$STANDARDLIB$REQ8$PRES8$EABIv2 0x00000000   Number         0  anon$$obj.o ABSOLUTE
    _printf_flags                            0x00000000   Number         0  printf_stubs.o ABSOLUTE
    _printf_return_value                     0x00000000   Number         0  printf_stubs.o ABSOLUTE
    _printf_sizespec                         0x00000000   Number         0  printf_stubs.o ABSOLUTE
    _printf_widthprec                        0x00000000   Number         0  printf_stubs.o ABSOLUTE
    __ARM_exceptions_init                     - Undefined Weak Reference
    __alloca_initialize                       - Undefined Weak Reference
    __arm_preinit_                            - Undefined Weak Reference
    __arm_relocate_pie_                       - Undefined Weak Reference
    __cpp_initialize__aeabi_                  - Undefined Weak Reference
    __cxa_finalize                            - Undefined Weak Reference
    __rt_locale                               - Undefined Weak Reference
    __sigvec_lookup                           - Undefined Weak Reference
    __user_heap_extent                        - Undefined Weak Reference
    _atexit_init                              - Undefined Weak Reference
    _call_atexit_fns                          - Undefined Weak Reference
    _clock_init                               - Undefined Weak Reference
    _fp_trap_init                             - Undefined Weak Reference
    _fp_trap_shutdown                         - Undefined Weak Reference
    _get_lc_collate                           - Undefined Weak Reference
    _get_lc_ctype                             - Undefined Weak Reference
    _get_lc_monetary                          - Undefined Weak Reference
    _get_lc_numeric                           - Undefined Weak Reference
    _get_lc_time                              - Undefined Weak Reference
    _getenv_init                              - Undefined Weak Reference
    _handle_redirection                       - Undefined Weak Reference
    _initio                                   - Undefined Weak Reference
    _mutex_acquire                            - Undefined Weak Reference
    _mutex_free                               - Undefined Weak Reference
    _mutex_release                            - Undefined Weak Reference
    _printf_mbtowc                            - Undefined Weak Reference
    _printf_truncate_signed                   - Undefined Weak Reference
    _printf_truncate_unsigned                 - Undefined Weak Reference
    _rand_init                                - Undefined Weak Reference
    _signal_finish                            - Undefined Weak Reference
    _signal_init                              - Undefined Weak Reference
    _terminateio                              - Undefined Weak Reference
    __Vectors_Size                           0x000000b8   Number         0  startup_stm32f030xc.o ABSOLUTE
    __Vectors                                0x08000000   Data           4  startup_stm32f030xc.o(RESET)
    __Vectors_End                            0x080000b8   Data           0  startup_stm32f030xc.o(RESET)
    __main                                   0x080000b9   Thumb Code     8  __main.o(!!!main)
    __scatterload                            0x080000c1   Thumb Code     0  __scatter.o(!!!scatter)
    __scatterload_rt2                        0x080000c1   Thumb Code    52  __scatter.o(!!!scatter)
    __scatterload_rt2_thumb_only             0x080000c1   Thumb Code     0  __scatter.o(!!!scatter)
    __scatterload_null                       0x080000d1   Thumb Code     0  __scatter.o(!!!scatter)
    __scatterload_copy                       0x080000fd   Thumb Code    26  __scatter_copy.o(!!handler_copy)
    __scatterload_zeroinit                   0x08000119   Thumb Code    28  __scatter_zi.o(!!handler_zi)
    _printf_percent                          0x08000135   Thumb Code     0  _printf_percent.o(.ARM.Collect$$_printf_percent$$00000000)
    _printf_d                                0x08000137   Thumb Code     0  _printf_d.o(.ARM.Collect$$_printf_percent$$00000009)
    _printf_s                                0x08000141   Thumb Code     0  _printf_s.o(.ARM.Collect$$_printf_percent$$00000014)
    _printf_percent_end                      0x0800014b   Thumb Code     0  _printf_percent_end.o(.ARM.Collect$$_printf_percent$$00000017)
    __rt_lib_init                            0x0800014f   Thumb Code     0  libinit.o(.ARM.Collect$$libinit$$00000000)
    __rt_lib_init_fp_1                       0x08000151   Thumb Code     0  libinit2.o(.ARM.Collect$$libinit$$00000002)
    __rt_lib_init_heap_2                     0x08000151   Thumb Code     0  libinit2.o(.ARM.Collect$$libinit$$00000007)
    __rt_lib_init_preinit_1                  0x08000151   Thumb Code     0  libinit2.o(.ARM.Collect$$libinit$$00000006)
    __rt_lib_init_relocate_pie_1             0x08000151   Thumb Code     0  libinit2.o(.ARM.Collect$$libinit$$00000004)
    __rt_lib_init_alloca_1                   0x08000159   Thumb Code     0  libinit2.o(.ARM.Collect$$libinit$$00000030)
    __rt_lib_init_argv_1                     0x08000159   Thumb Code     0  libinit2.o(.ARM.Collect$$libinit$$0000002E)
    __rt_lib_init_atexit_1                   0x08000159   Thumb Code     0  libinit2.o(.ARM.Collect$$libinit$$0000001D)
    __rt_lib_init_clock_1                    0x08000159   Thumb Code     0  libinit2.o(.ARM.Collect$$libinit$$00000023)
    __rt_lib_init_cpp_1                      0x08000159   Thumb Code     0  libinit2.o(.ARM.Collect$$libinit$$00000034)
    __rt_lib_init_exceptions_1               0x08000159   Thumb Code     0  libinit2.o(.ARM.Collect$$libinit$$00000032)
    __rt_lib_init_fp_trap_1                  0x08000159   Thumb Code     0  libinit2.o(.ARM.Collect$$libinit$$00000021)
    __rt_lib_init_getenv_1                   0x08000159   Thumb Code     0  libinit2.o(.ARM.Collect$$libinit$$00000025)
    __rt_lib_init_heap_1                     0x08000159   Thumb Code     0  libinit2.o(.ARM.Collect$$libinit$$0000000C)
    __rt_lib_init_lc_collate_1               0x08000159   Thumb Code     0  libinit2.o(.ARM.Collect$$libinit$$00000013)
    __rt_lib_init_lc_ctype_1                 0x08000159   Thumb Code     0  libinit2.o(.ARM.Collect$$libinit$$00000015)
    __rt_lib_init_lc_monetary_1              0x08000159   Thumb Code     0  libinit2.o(.ARM.Collect$$libinit$$00000017)
    __rt_lib_init_lc_numeric_1               0x08000159   Thumb Code     0  libinit2.o(.ARM.Collect$$libinit$$00000019)
    __rt_lib_init_lc_time_1                  0x08000159   Thumb Code     0  libinit2.o(.ARM.Collect$$libinit$$0000001B)
    __rt_lib_init_rand_1                     0x08000159   Thumb Code     0  libinit2.o(.ARM.Collect$$libinit$$00000010)
    __rt_lib_init_return                     0x08000159   Thumb Code     0  libinit2.o(.ARM.Collect$$libinit$$00000035)
    __rt_lib_init_signal_1                   0x08000159   Thumb Code     0  libinit2.o(.ARM.Collect$$libinit$$0000001F)
    __rt_lib_init_stdio_1                    0x08000159   Thumb Code     0  libinit2.o(.ARM.Collect$$libinit$$00000027)
    __rt_lib_init_user_alloc_1               0x08000159   Thumb Code     0  libinit2.o(.ARM.Collect$$libinit$$0000000E)
    __rt_lib_shutdown                        0x0800015b   Thumb Code     0  libshutdown.o(.ARM.Collect$$libshutdown$$00000000)
    __rt_lib_shutdown_cpp_1                  0x0800015d   Thumb Code     0  libshutdown2.o(.ARM.Collect$$libshutdown$$00000002)
    __rt_lib_shutdown_fp_trap_1              0x0800015d   Thumb Code     0  libshutdown2.o(.ARM.Collect$$libshutdown$$00000007)
    __rt_lib_shutdown_heap_1                 0x0800015d   Thumb Code     0  libshutdown2.o(.ARM.Collect$$libshutdown$$0000000F)
    __rt_lib_shutdown_return                 0x0800015d   Thumb Code     0  libshutdown2.o(.ARM.Collect$$libshutdown$$00000010)
    __rt_lib_shutdown_signal_1               0x0800015d   Thumb Code     0  libshutdown2.o(.ARM.Collect$$libshutdown$$0000000A)
    __rt_lib_shutdown_stdio_1                0x0800015d   Thumb Code     0  libshutdown2.o(.ARM.Collect$$libshutdown$$00000004)
    __rt_lib_shutdown_user_alloc_1           0x0800015d   Thumb Code     0  libshutdown2.o(.ARM.Collect$$libshutdown$$0000000C)
    __rt_entry                               0x0800015f   Thumb Code     0  __rtentry.o(.ARM.Collect$$rtentry$$00000000)
    __rt_entry_presh_1                       0x0800015f   Thumb Code     0  __rtentry2.o(.ARM.Collect$$rtentry$$00000002)
    __rt_entry_sh                            0x0800015f   Thumb Code     0  __rtentry4.o(.ARM.Collect$$rtentry$$00000004)
    __rt_entry_li                            0x08000165   Thumb Code     0  __rtentry2.o(.ARM.Collect$$rtentry$$0000000A)
    __rt_entry_postsh_1                      0x08000165   Thumb Code     0  __rtentry2.o(.ARM.Collect$$rtentry$$00000009)
    __rt_entry_main                          0x08000169   Thumb Code     0  __rtentry2.o(.ARM.Collect$$rtentry$$0000000D)
    __rt_entry_postli_1                      0x08000169   Thumb Code     0  __rtentry2.o(.ARM.Collect$$rtentry$$0000000C)
    __rt_exit                                0x08000171   Thumb Code     0  rtexit.o(.ARM.Collect$$rtexit$$00000000)
    __rt_exit_ls                             0x08000173   Thumb Code     0  rtexit2.o(.ARM.Collect$$rtexit$$00000003)
    __rt_exit_prels_1                        0x08000173   Thumb Code     0  rtexit2.o(.ARM.Collect$$rtexit$$00000002)
    __rt_exit_exit                           0x08000177   Thumb Code     0  rtexit2.o(.ARM.Collect$$rtexit$$00000004)
    __aeabi_memcpy4                          0x0800017d   Thumb Code    56  rt_memcpy.o(.emb_text)
    __aeabi_memcpy8                          0x0800017d   Thumb Code     0  rt_memcpy.o(.emb_text)
    Reset_Handler                            0x080001b5   Thumb Code     8  startup_stm32f030xc.o(.text)
    ADC1_IRQHandler                          0x080001c7   Thumb Code     0  startup_stm32f030xc.o(.text)
    DMA1_Channel1_IRQHandler                 0x080001c7   Thumb Code     0  startup_stm32f030xc.o(.text)
    DMA1_Channel2_3_IRQHandler               0x080001c7   Thumb Code     0  startup_stm32f030xc.o(.text)
    DMA1_Channel4_5_IRQHandler               0x080001c7   Thumb Code     0  startup_stm32f030xc.o(.text)
    EXTI0_1_IRQHandler                       0x080001c7   Thumb Code     0  startup_stm32f030xc.o(.text)
    EXTI4_15_IRQHandler                      0x080001c7   Thumb Code     0  startup_stm32f030xc.o(.text)
    FLASH_IRQHandler                         0x080001c7   Thumb Code     0  startup_stm32f030xc.o(.text)
    I2C2_IRQHandler                          0x080001c7   Thumb Code     0  startup_stm32f030xc.o(.text)
    RCC_IRQHandler                           0x080001c7   Thumb Code     0  startup_stm32f030xc.o(.text)
    RTC_IRQHandler                           0x080001c7   Thumb Code     0  startup_stm32f030xc.o(.text)
    SPI2_IRQHandler                          0x080001c7   Thumb Code     0  startup_stm32f030xc.o(.text)
    TIM14_IRQHandler                         0x080001c7   Thumb Code     0  startup_stm32f030xc.o(.text)
    TIM15_IRQHandler                         0x080001c7   Thumb Code     0  startup_stm32f030xc.o(.text)
    TIM16_IRQHandler                         0x080001c7   Thumb Code     0  startup_stm32f030xc.o(.text)
    TIM17_IRQHandler                         0x080001c7   Thumb Code     0  startup_stm32f030xc.o(.text)
    TIM1_BRK_UP_TRG_COM_IRQHandler           0x080001c7   Thumb Code     0  startup_stm32f030xc.o(.text)
    TIM1_CC_IRQHandler                       0x080001c7   Thumb Code     0  startup_stm32f030xc.o(.text)
    TIM6_IRQHandler                          0x080001c7   Thumb Code     0  startup_stm32f030xc.o(.text)
    TIM7_IRQHandler                          0x080001c7   Thumb Code     0  startup_stm32f030xc.o(.text)
    USART2_IRQHandler                        0x080001c7   Thumb Code     0  startup_stm32f030xc.o(.text)
    WWDG_IRQHandler                          0x080001c7   Thumb Code     0  startup_stm32f030xc.o(.text)
    __user_initial_stackheap                 0x080001c9   Thumb Code     0  startup_stm32f030xc.o(.text)
    malloc                                   0x080001ed   Thumb Code    98  h1_alloc.o(.text)
    free                                     0x0800024f   Thumb Code    76  h1_free.o(.text)
    __2sprintf                               0x0800029d   Thumb Code    36  noretval__2sprintf.o(.text)
    _printf_pre_padding                      0x080002c5   Thumb Code    44  _printf_pad.o(.text)
    _printf_post_padding                     0x080002f1   Thumb Code    34  _printf_pad.o(.text)
    _printf_str                              0x08000313   Thumb Code    82  _printf_str.o(.text)
    _printf_int_dec                          0x08000365   Thumb Code    90  _printf_dec.o(.text)
    __printf                                 0x080003d1   Thumb Code   306  __printf_flags_wp.o(.text)
    strtok                                   0x08000509   Thumb Code    10  strtok.o(.text)
    strstr                                   0x08000519   Thumb Code    40  strstr.o(.text)
    strcpy                                   0x08000541   Thumb Code    70  strcpy.o(.text)
    strlen                                   0x0800058d   Thumb Code    62  strlen.o(.text)
    strcat                                   0x080005d1   Thumb Code    24  strcat.o(.text)
    __aeabi_memcpy                           0x080005e9   Thumb Code   130  rt_memcpy.o(.text)
    __rt_memcpy                              0x080005e9   Thumb Code     0  rt_memcpy.o(.text)
    _memset_w                                0x0800066b   Thumb Code    26  rt_memclr.o(.text)
    _memset                                  0x08000685   Thumb Code    30  rt_memclr.o(.text)
    __aeabi_memclr                           0x080006a3   Thumb Code     4  rt_memclr.o(.text)
    __rt_memclr                              0x080006a3   Thumb Code     0  rt_memclr.o(.text)
    __aeabi_memclr4                          0x080006a7   Thumb Code     0  rt_memclr.o(.text)
    __aeabi_memclr8                          0x080006a7   Thumb Code     0  rt_memclr.o(.text)
    __rt_memclr_w                            0x080006a7   Thumb Code     4  rt_memclr.o(.text)
    strcmp                                   0x080006ad   Thumb Code   176  strcmpv6m.o(.text)
    __aeabi_uidivmod                         0x0800075d   Thumb Code    28  aeabi_sdivfast.o(.text)
    __aeabi_idivmod                          0x08000779   Thumb Code   472  aeabi_sdivfast.o(.text)
    __use_two_region_memory                  0x08000955   Thumb Code     2  heapauxi.o(.text)
    __rt_heap_escrow                         0x08000957   Thumb Code     2  heapauxi.o(.text)
    __rt_heap_expand                         0x08000959   Thumb Code     2  heapauxi.o(.text)
    __aeabi_d2f                              0x0800095d   Thumb Code     0  d2f.o(.text)
    _d2f                                     0x0800095d   Thumb Code   120  d2f.o(.text)
    __aeabi_dadd                             0x08000cd1   Thumb Code     0  daddsub.o(.text)
    _dadd                                    0x08000cd1   Thumb Code    26  daddsub.o(.text)
    __aeabi_dsub                             0x08000ceb   Thumb Code     0  daddsub.o(.text)
    _dsub                                    0x08000ceb   Thumb Code    22  daddsub.o(.text)
    __aeabi_drsub                            0x08000d01   Thumb Code     0  daddsub.o(.text)
    _drsb                                    0x08000d01   Thumb Code    28  daddsub.o(.text)
    __aeabi_i2d_normalise                    0x08000d31   Thumb Code    66  dflti.o(.text)
    __aeabi_i2d                              0x08000d73   Thumb Code    16  dflti.o(.text)
    _dflt                                    0x08000d73   Thumb Code     0  dflti.o(.text)
    __aeabi_ui2d                             0x08000d83   Thumb Code     6  dflti.o(.text)
    _dfltu                                   0x08000d83   Thumb Code     0  dflti.o(.text)
    __aeabi_dmul                             0x08000d89   Thumb Code     0  dmul.o(.text)
    _dmul                                    0x08000d89   Thumb Code   558  dmul.o(.text)
    __aeabi_f2d                              0x08000fd1   Thumb Code     0  f2d.o(.text)
    _f2d                                     0x08000fd1   Thumb Code    80  f2d.o(.text)
    __aeabi_fdiv                             0x08001025   Thumb Code     0  fdiv.o(.text)
    _fdiv                                    0x08001025   Thumb Code   334  fdiv.o(.text)
    _frdiv                                   0x08001173   Thumb Code     8  fdiv.o(.text)
    __aeabi_f2iz                             0x08001185   Thumb Code     0  ffixi.o(.text)
    _ffix                                    0x08001185   Thumb Code    76  ffixi.o(.text)
    __aeabi_i2f_normalise                    0x080011d1   Thumb Code    72  fflti.o(.text)
    __aeabi_i2f                              0x08001219   Thumb Code    16  fflti.o(.text)
    _fflt                                    0x08001219   Thumb Code     0  fflti.o(.text)
    __aeabi_ui2f                             0x08001229   Thumb Code     6  fflti.o(.text)
    _ffltu                                   0x08001229   Thumb Code     0  fflti.o(.text)
    __rt_heap_descriptor                     0x08001231   Thumb Code     8  rt_heap_descriptor_intlibspace.o(.text)
    __use_no_heap                            0x08001239   Thumb Code     2  hguard.o(.text)
    __heap$guard                             0x0800123b   Thumb Code     2  hguard.o(.text)
    _terminate_user_alloc                    0x0800123d   Thumb Code     2  init_alloc.o(.text)
    _init_user_alloc                         0x0800123f   Thumb Code     2  init_alloc.o(.text)
    __Heap_Full                              0x08001241   Thumb Code    32  init_alloc.o(.text)
    __Heap_Broken                            0x08001261   Thumb Code    10  init_alloc.o(.text)
    _init_alloc                              0x0800126b   Thumb Code    90  init_alloc.o(.text)
    __Heap_Initialize                        0x080012c5   Thumb Code    10  h1_init.o(.text)
    __Heap_DescSize                          0x080012cf   Thumb Code     4  h1_init.o(.text)
    _printf_int_common                       0x080012d3   Thumb Code   176  _printf_intcommon.o(.text)
    _printf_char_common                      0x0800138f   Thumb Code    32  _printf_char_common.o(.text)
    _sputc                                   0x080013b5   Thumb Code    10  _sputc.o(.text)
    _printf_cs_common                        0x080013bf   Thumb Code    22  _printf_char.o(.text)
    _printf_char                             0x080013d5   Thumb Code    16  _printf_char.o(.text)
    _printf_string                           0x080013e5   Thumb Code     8  _printf_char.o(.text)
    __strtok_internal                        0x080013ed   Thumb Code    66  strtok_int.o(.text)
    __rt_udiv10                              0x08001435   Thumb Code    40  rtudiv10.o(.text)
    __user_libspace                          0x0800145d   Thumb Code     8  libspace.o(.text)
    __user_perproc_libspace                  0x0800145d   Thumb Code     0  libspace.o(.text)
    __user_perthread_libspace                0x0800145d   Thumb Code     0  libspace.o(.text)
    __Heap_ProvideMemory                     0x08001465   Thumb Code    52  h1_extend.o(.text)
    _maybe_terminate_alloc                   0x08001465   Thumb Code     0  maybetermalloc1.o(.text)
    __rt_SIGRTMEM                            0x08001499   Thumb Code    12  defsig_rtmem_outer.o(.text)
    strcspn                                  0x080014a5   Thumb Code    34  strcspn.o(.text)
    strspn                                   0x080014c7   Thumb Code    32  strspn.o(.text)
    __I$use$semihosting                      0x080014e7   Thumb Code     0  use_no_semi.o(.text)
    __use_no_semihosting_swi                 0x080014e7   Thumb Code     2  use_no_semi.o(.text)
    __semihosting_library_function           0x080014e9   Thumb Code     0  indicate_semi.o(.text)
    __user_setup_stackheap                   0x080014e9   Thumb Code    62  sys_stackheap_outer.o(.text)
    exit                                     0x08001527   Thumb Code    16  exit.o(.text)
    __sig_exit                               0x08001537   Thumb Code    12  defsig_exit.o(.text)
    __rt_SIGRTMEM_inner                      0x08001545   Thumb Code    22  defsig_rtmem_inner.o(.text)
    _sys_exit                                0x08001595   Thumb Code     8  sys_exit.o(.text)
    __default_signal_display                 0x080015a1   Thumb Code    52  defsig_general.o(.text)
    _ttywrch                                 0x080015d5   Thumb Code    12  sys_wrch.o(.text)
    AGPS_On                                  0x080015e1   Thumb Code    56  mc60.o(.text.AGPS_On)
    ATCommand_Send                           0x080016a1   Thumb Code    24  mc60.o(.text.ATCommand_Send)
    EXTI2_3_IRQHandler                       0x080016bd   Thumb Code    10  stm32f0xx_it.o(.text.EXTI2_3_IRQHandler)
    Entry_StandbyMode                        0x080016c9   Thumb Code   148  lowpowermode.o(.text.Entry_StandbyMode)
    Entry_StopMode                           0x080017a1   Thumb Code    32  lowpowermode.o(.text.Entry_StopMode)
    Exit_StandbyMode                         0x080017d9   Thumb Code    96  lowpowermode.o(.text.Exit_StandbyMode)
    Exit_StopMode                            0x08001861   Thumb Code    12  lowpowermode.o(.text.Exit_StopMode)
    GNSS_Power_On                            0x0800186d   Thumb Code    28  mc60.o(.text.GNSS_Power_On)
    HAL_DMA_Abort                            0x08001899   Thumb Code    62  stm32f0xx_hal_dma.o(.text.HAL_DMA_Abort)
    HAL_DMA_Abort_IT                         0x080018d7   Thumb Code    66  stm32f0xx_hal_dma.o(.text.HAL_DMA_Abort_IT)
    HAL_DMA_GetState                         0x08001919   Thumb Code     6  stm32f0xx_hal_dma.o(.text.HAL_DMA_GetState)
    HAL_Delay                                0x08001921   Thumb Code    32  stm32f0xx_hal.o(.text.HAL_Delay)
    HAL_GPIO_EXTI_Callback                   0x08001945   Thumb Code    48  main.o(.text.HAL_GPIO_EXTI_Callback)
    HAL_GPIO_EXTI_IRQHandler                 0x08001989   Thumb Code    20  stm32f0xx_hal_gpio.o(.text.HAL_GPIO_EXTI_IRQHandler)
    HAL_GPIO_Init                            0x080019a1   Thumb Code   412  stm32f0xx_hal_gpio.o(.text.HAL_GPIO_Init)
    HAL_GPIO_TogglePin                       0x08001b55   Thumb Code    16  stm32f0xx_hal_gpio.o(.text.HAL_GPIO_TogglePin)
    HAL_GPIO_WritePin                        0x08001b65   Thumb Code    16  stm32f0xx_hal_gpio.o(.text.HAL_GPIO_WritePin)
    HAL_GetTick                              0x08001b75   Thumb Code     8  stm32f0xx_hal.o(.text.HAL_GetTick)
    HAL_I2CEx_ConfigAnalogFilter             0x08001b81   Thumb Code    66  stm32f0xx_hal_i2c_ex.o(.text.HAL_I2CEx_ConfigAnalogFilter)
    HAL_I2CEx_ConfigDigitalFilter            0x08001bc3   Thumb Code    66  stm32f0xx_hal_i2c_ex.o(.text.HAL_I2CEx_ConfigDigitalFilter)
    HAL_I2C_AbortCpltCallback                0x08001c05   Thumb Code     2  stm32f0xx_hal_i2c.o(.text.HAL_I2C_AbortCpltCallback)
    HAL_I2C_AddrCallback                     0x08001c07   Thumb Code     2  stm32f0xx_hal_i2c.o(.text.HAL_I2C_AddrCallback)
    HAL_I2C_ER_IRQHandler                    0x08001c09   Thumb Code   130  stm32f0xx_hal_i2c.o(.text.HAL_I2C_ER_IRQHandler)
    HAL_I2C_EV_IRQHandler                    0x08001c8b   Thumb Code    18  stm32f0xx_hal_i2c.o(.text.HAL_I2C_EV_IRQHandler)
    HAL_I2C_ErrorCallback                    0x08001c9d   Thumb Code     2  stm32f0xx_hal_i2c.o(.text.HAL_I2C_ErrorCallback)
    HAL_I2C_Init                             0x08001ca1   Thumb Code   160  stm32f0xx_hal_i2c.o(.text.HAL_I2C_Init)
    HAL_I2C_IsDeviceReady                    0x08001d49   Thumb Code   368  stm32f0xx_hal_i2c.o(.text.HAL_I2C_IsDeviceReady)
    HAL_I2C_ListenCpltCallback               0x08001ec1   Thumb Code     2  stm32f0xx_hal_i2c.o(.text.HAL_I2C_ListenCpltCallback)
    HAL_I2C_Mem_Write                        0x08001ec5   Thumb Code   524  stm32f0xx_hal_i2c.o(.text.HAL_I2C_Mem_Write)
    HAL_I2C_MspInit                          0x080020e9   Thumb Code   100  stm32f0xx_hal_msp.o(.text.HAL_I2C_MspInit)
    HAL_I2C_SlaveRxCpltCallback              0x08002159   Thumb Code     2  stm32f0xx_hal_i2c.o(.text.HAL_I2C_SlaveRxCpltCallback)
    HAL_I2C_SlaveTxCpltCallback              0x0800215b   Thumb Code     2  stm32f0xx_hal_i2c.o(.text.HAL_I2C_SlaveTxCpltCallback)
    HAL_IWDG_Init                            0x0800215d   Thumb Code    88  stm32f0xx_hal_iwdg.o(.text.HAL_IWDG_Init)
    HAL_IWDG_Refresh                         0x080021bd   Thumb Code    12  stm32f0xx_hal_iwdg.o(.text.HAL_IWDG_Refresh)
    HAL_IncTick                              0x080021cd   Thumb Code    16  stm32f0xx_hal.o(.text.HAL_IncTick)
    HAL_Init                                 0x080021e1   Thumb Code    28  stm32f0xx_hal.o(.text.HAL_Init)
    HAL_InitTick                             0x080021fd   Thumb Code    60  stm32f0xx_hal.o(.text.HAL_InitTick)
    HAL_MspInit                              0x0800223d   Thumb Code    40  stm32f0xx_hal_msp.o(.text.HAL_MspInit)
    HAL_NVIC_EnableIRQ                       0x08002269   Thumb Code    20  stm32f0xx_hal_cortex.o(.text.HAL_NVIC_EnableIRQ)
    HAL_NVIC_SetPriority                     0x08002281   Thumb Code    48  stm32f0xx_hal_cortex.o(.text.HAL_NVIC_SetPriority)
    HAL_PWR_DisableWakeUpPin                 0x080022b9   Thumb Code    12  stm32f0xx_hal_pwr.o(.text.HAL_PWR_DisableWakeUpPin)
    HAL_PWR_EnableWakeUpPin                  0x080022c5   Thumb Code    12  stm32f0xx_hal_pwr.o(.text.HAL_PWR_EnableWakeUpPin)
    HAL_PWR_EnterSTANDBYMode                 0x080022d5   Thumb Code    24  stm32f0xx_hal_pwr.o(.text.HAL_PWR_EnterSTANDBYMode)
    HAL_PWR_EnterSTOPMode                    0x080022ed   Thumb Code    52  stm32f0xx_hal_pwr.o(.text.HAL_PWR_EnterSTOPMode)
    HAL_RCCEx_PeriphCLKConfig                0x08002325   Thumb Code   244  stm32f0xx_hal_rcc_ex.o(.text.HAL_RCCEx_PeriphCLKConfig)
    HAL_RCC_ClockConfig                      0x08002425   Thumb Code   300  stm32f0xx_hal_rcc.o(.text.HAL_RCC_ClockConfig)
    HAL_RCC_GetPCLK1Freq                     0x0800255d   Thumb Code    20  stm32f0xx_hal_rcc.o(.text.HAL_RCC_GetPCLK1Freq)
    HAL_RCC_GetSysClockFreq                  0x08002579   Thumb Code    44  stm32f0xx_hal_rcc.o(.text.HAL_RCC_GetSysClockFreq)
    HAL_RCC_OscConfig                        0x080025b5   Thumb Code  1028  stm32f0xx_hal_rcc.o(.text.HAL_RCC_OscConfig)
    HAL_ResumeTick                           0x080029c5   Thumb Code    12  stm32f0xx_hal.o(.text.HAL_ResumeTick)
    HAL_SPI_ErrorCallback                    0x080029d5   Thumb Code     2  stm32f0xx_hal_spi.o(.text.HAL_SPI_ErrorCallback)
    HAL_SPI_IRQHandler                       0x080029d9   Thumb Code   356  stm32f0xx_hal_spi.o(.text.HAL_SPI_IRQHandler)
    HAL_SPI_Init                             0x08002b41   Thumb Code   248  stm32f0xx_hal_spi.o(.text.HAL_SPI_Init)
    HAL_SPI_MspInit                          0x08002c3d   Thumb Code   104  stm32f0xx_hal_msp.o(.text.HAL_SPI_MspInit)
    HAL_SPI_Receive_IT                       0x08002cad   Thumb Code   376  stm32f0xx_hal_spi.o(.text.HAL_SPI_Receive_IT)
    HAL_SPI_RxCpltCallback                   0x08002e3d   Thumb Code     2  stm32f0xx_hal_spi.o(.text.HAL_SPI_RxCpltCallback)
    HAL_SPI_Transmit_IT                      0x08002e41   Thumb Code   140  stm32f0xx_hal_spi.o(.text.HAL_SPI_Transmit_IT)
    HAL_SPI_TxCpltCallback                   0x08002ed5   Thumb Code     2  stm32f0xx_hal_spi.o(.text.HAL_SPI_TxCpltCallback)
    HAL_SPI_TxRxCpltCallback                 0x08002ed7   Thumb Code     2  stm32f0xx_hal_spi.o(.text.HAL_SPI_TxRxCpltCallback)
    HAL_SYSTICK_Config                       0x08002ed9   Thumb Code    40  stm32f0xx_hal_cortex.o(.text.HAL_SYSTICK_Config)
    HAL_SuspendTick                          0x08002f09   Thumb Code    12  stm32f0xx_hal.o(.text.HAL_SuspendTick)
    HAL_TIMEx_BreakCallback                  0x08002f19   Thumb Code     2  stm32f0xx_hal_tim_ex.o(.text.HAL_TIMEx_BreakCallback)
    HAL_TIMEx_CommutCallback                 0x08002f1b   Thumb Code     2  stm32f0xx_hal_tim_ex.o(.text.HAL_TIMEx_CommutCallback)
    HAL_TIM_Base_Start_IT                    0x08002f1d   Thumb Code    72  stm32f0xx_hal_tim.o(.text.HAL_TIM_Base_Start_IT)
    HAL_TIM_Base_Stop_IT                     0x08002f6d   Thumb Code    52  stm32f0xx_hal_tim.o(.text.HAL_TIM_Base_Stop_IT)
    HAL_TIM_IC_CaptureCallback               0x08002fa9   Thumb Code     2  stm32f0xx_hal_tim.o(.text.HAL_TIM_IC_CaptureCallback)
    HAL_TIM_IRQHandler                       0x08002fab   Thumb Code   328  stm32f0xx_hal_tim.o(.text.HAL_TIM_IRQHandler)
    HAL_TIM_OC_DelayElapsedCallback          0x080030f3   Thumb Code     2  stm32f0xx_hal_tim.o(.text.HAL_TIM_OC_DelayElapsedCallback)
    HAL_TIM_PWM_PulseFinishedCallback        0x080030f5   Thumb Code     2  stm32f0xx_hal_tim.o(.text.HAL_TIM_PWM_PulseFinishedCallback)
    HAL_TIM_PeriodElapsedCallback            0x080030f9   Thumb Code    20  timer.o(.text.HAL_TIM_PeriodElapsedCallback)
    HAL_TIM_TriggerCallback                  0x08003111   Thumb Code     2  stm32f0xx_hal_tim.o(.text.HAL_TIM_TriggerCallback)
    HAL_UARTEx_RxEventCallback               0x08003113   Thumb Code     2  stm32f0xx_hal_uart.o(.text.HAL_UARTEx_RxEventCallback)
    HAL_UART_ErrorCallback                   0x08003115   Thumb Code     2  stm32f0xx_hal_uart.o(.text.HAL_UART_ErrorCallback)
    HAL_UART_IRQHandler                      0x08003119   Thumb Code   972  stm32f0xx_hal_uart.o(.text.HAL_UART_IRQHandler)
    HAL_UART_Init                            0x080034f1   Thumb Code   104  stm32f0xx_hal_uart.o(.text.HAL_UART_Init)
    HAL_UART_MspInit                         0x08003559   Thumb Code   164  stm32f0xx_hal_msp.o(.text.HAL_UART_MspInit)
    HAL_UART_Receive_IT                      0x08003609   Thumb Code   102  stm32f0xx_hal_uart.o(.text.HAL_UART_Receive_IT)
    HAL_UART_RxCpltCallback                  0x08003671   Thumb Code   128  uart.o(.text.HAL_UART_RxCpltCallback)
    HAL_UART_Transmit                        0x0800370d   Thumb Code   212  stm32f0xx_hal_uart.o(.text.HAL_UART_Transmit)
    HAL_UART_TxCpltCallback                  0x080037e5   Thumb Code     2  stm32f0xx_hal_uart.o(.text.HAL_UART_TxCpltCallback)
    HandleErrorRx                            0x080037e9   Thumb Code   200  stringprocessing.o(.text.HandleErrorRx)
    HandlePublishError                       0x080038e9   Thumb Code    16  mqtt.o(.text.HandlePublishError)
    HardFault_Handler                        0x08003911   Thumb Code     2  stm32f0xx_it.o(.text.HardFault_Handler)
    I2C1_IRQHandler                          0x08003915   Thumb Code    32  stm32f0xx_it.o(.text.I2C1_IRQHandler)
    MC60_PowerOn                             0x08004409   Thumb Code    44  mc60.o(.text.MC60_PowerOn)
    MQTT_Process                             0x08004439   Thumb Code   200  mqtt.o(.text.MQTT_Process)
    MQTT_Server_Pub                          0x08004569   Thumb Code    64  mqtt.o(.text.MQTT_Server_Pub)
    NMI_Handler                              0x080045c9   Thumb Code     2  stm32f0xx_it.o(.text.NMI_Handler)
    PendSV_Handler                           0x080045cb   Thumb Code     2  stm32f0xx_it.o(.text.PendSV_Handler)
    SPI1_IRQHandler                          0x080045cd   Thumb Code    12  stm32f0xx_it.o(.text.SPI1_IRQHandler)
    SVC_Handler                              0x08004b75   Thumb Code     2  stm32f0xx_it.o(.text.SVC_Handler)
    SysTick_Handler                          0x08004b77   Thumb Code     8  stm32f0xx_it.o(.text.SysTick_Handler)
    SystemClock_Config                       0x08004b7f   Thumb Code   112  main.o(.text.SystemClock_Config)
    SystemInit                               0x08004bef   Thumb Code     2  system_stm32f0xx.o(.text.SystemInit)
    TIM3_IRQHandler                          0x08004bf1   Thumb Code    12  stm32f0xx_it.o(.text.TIM3_IRQHandler)
    TimerCallbackHandle                      0x08004bfd   Thumb Code   188  timer.o(.text.TimerCallbackHandle)
    UART_AdvFeatureConfig                    0x08004cc5   Thumb Code   210  stm32f0xx_hal_uart.o(.text.UART_AdvFeatureConfig)
    UART_CheckIdleState                      0x08004d99   Thumb Code   192  stm32f0xx_hal_uart.o(.text.UART_CheckIdleState)
    UART_SetConfig                           0x08005009   Thumb Code   296  stm32f0xx_hal_uart.o(.text.UART_SetConfig)
    UART_Start_Receive_IT                    0x0800516d   Thumb Code   192  stm32f0xx_hal_uart.o(.text.UART_Start_Receive_IT)
    UART_WaitOnFlagUntilTimeout              0x08005239   Thumb Code   418  stm32f0xx_hal_uart.o(.text.UART_WaitOnFlagUntilTimeout)
    USART1_IRQHandler                        0x080053dd   Thumb Code    12  stm32f0xx_it.o(.text.USART1_IRQHandler)
    USART3_6_IRQHandler                      0x080053ed   Thumb Code    12  stm32f0xx_it.o(.text.USART3_6_IRQHandler)
    W25Q16_Erase_Sector                      0x080053fd   Thumb Code   168  w25q16.o(.text.W25Q16_Erase_Sector)
    W25Q16_FastRead                          0x080054a5   Thumb Code    80  w25q16.o(.text.W25Q16_FastRead)
    W25Q16_ReadID                            0x080054f5   Thumb Code    80  w25q16.o(.text.W25Q16_ReadID)
    W25Q16_Reset                             0x08005545   Thumb Code    60  w25q16.o(.text.W25Q16_Reset)
    W25Q16_Write_Byte_to_Sector_Start        0x08005581   Thumb Code   176  w25q16.o(.text.W25Q16_Write_Byte_to_Sector_Start)
    configureNoMotionInterrupt               0x08005635   Thumb Code   202  bma253.o(.text.configureNoMotionInterrupt)
    decodeLat                                0x08005701   Thumb Code   220  gnss_data.o(.text.decodeLat)
    decodeLong                               0x080057dd   Thumb Code   220  gnss_data.o(.text.decodeLong)
    decodeRMC                                0x080058c9   Thumb Code  1308  gnss_data.o(.text.decodeRMC)
    expectedResponse                         0x08005ded   Thumb Code   260  mc60.o(.text.expectedResponse)
    floatToString                            0x08005fb5   Thumb Code   920  gnss_data.o(.text.floatToString)
    get_sentence_by_header                   0x08006359   Thumb Code   112  gnss_data.o(.text.get_sentence_by_header)
    main                                     0x080063cd   Thumb Code  1160  main.o(.text.main)
    publishHandle                            0x08006895   Thumb Code   216  mqtt.o(.text.publishHandle)
    rxProcess                                0x0800698d   Thumb Code   148  stringprocessing.o(.text.rxProcess)
    sendCommandToMC60                        0x08006a45   Thumb Code   104  mc60.o(.text.sendCommandToMC60)
    timedatelatlong_data_format              0x08006ad1   Thumb Code   400  gnss_data.o(.text.timedatelatlong_data_format)
    __aeabi_uidiv                            0x08006c75   Thumb Code    68  aeabi_sdivfast.o(.text_divfast)
    __aeabi_idiv                             0x08006cb9   Thumb Code   434  aeabi_sdivfast.o(.text_divfast)
    _is_digit                                0x08006e6b   Thumb Code    14  __printf_wp.o(i._is_digit)
    __aeabi_fadd                             0x08006e79   Thumb Code     0  faddsub.o(x$fpl$fadd)
    _fadd                                    0x08006e79   Thumb Code   134  faddsub.o(x$fpl$fadd)
    __aeabi_fmul                             0x08006f05   Thumb Code     0  fmul.o(x$fpl$fmul)
    _fmul                                    0x08006f05   Thumb Code   172  fmul.o(x$fpl$fmul)
    __aeabi_fsub                             0x08006fb5   Thumb Code     0  faddsub.o(x$fpl$fsub)
    _fsub                                    0x08006fb5   Thumb Code   204  faddsub.o(x$fpl$fsub)
    __I$use$fp                               0x08007084   Number         0  usenofp.o(x$fpl$usenofp)
    AHBPrescTable                            0x080070d5   Data          16  system_stm32f0xx.o(.rodata.AHBPrescTable)
    APBPrescTable                            0x080070e5   Data           8  system_stm32f0xx.o(.rodata.APBPrescTable)
    Region$$Table$$Base                      0x08007270   Number         0  anon$$obj.o(Region$$Table)
    Region$$Table$$Limit                     0x08007290   Number         0  anon$$obj.o(Region$$Table)
    start_led_count                          0x20000004   Data           1  timer.o(.data..L_MergedGlobals)
    restart_led_count                        0x20000005   Data           1  timer.o(.data..L_MergedGlobals)
    error2G_led_count                        0x20000006   Data           1  timer.o(.data..L_MergedGlobals)
    creg_flag                                0x20000007   Data           1  stringprocessing.o(.data..L_MergedGlobals)
    open_flag                                0x20000008   Data           1  stringprocessing.o(.data..L_MergedGlobals)
    con_flag                                 0x20000009   Data           1  stringprocessing.o(.data..L_MergedGlobals)
    uwTickFreq                               0x2000000c   Data           1  stm32f0xx_hal.o(.data..L_MergedGlobals)
    uwTickPrio                               0x20000010   Data           4  stm32f0xx_hal.o(.data..L_MergedGlobals)
    SystemCoreClock                          0x20000014   Data           4  system_stm32f0xx.o(.data.SystemCoreClock)
    go_to_Standby                            0x20000018   Data           1  main.o(.data.go_to_Standby)
    isPublish                                0x20000019   Data           1  mqtt.o(.data.isPublish)
    __libspace_start                         0x20000020   Data          96  libspace.o(.bss)
    __temporary_stack_top$libspace           0x20000080   Data           0  libspace.o(.bss)
    wakeup_From_Ext                          0x20000080   Data           1  main.o(.bss..L_MergedGlobals)
    wakeup_count_From_IWDG                   0x20000081   Data           1  main.o(.bss..L_MergedGlobals)
    ID                                       0x20000082   Data           2  main.o(.bss..L_MergedGlobals)
    lastMotionTime                           0x20000084   Data           4  main.o(.bss..L_MergedGlobals)
    hiwdg                                    0x20000088   Data          16  main.o(.bss..L_MergedGlobals)
    hi2c1                                    0x20000098   Data          84  main.o(.bss..L_MergedGlobals)
    rx_index                                 0x200000ec   Data           2  uart.o(.bss..L_MergedGlobals)
    rx_index_temp                            0x200000ee   Data           2  uart.o(.bss..L_MergedGlobals)
    last_uart3_time_Rx                       0x200000f0   Data           4  uart.o(.bss..L_MergedGlobals)
    count_creg_resetMCU                      0x200000f4   Data           1  stringprocessing.o(.bss.count_creg_resetMCU)
    currentKnownLocation                     0x200000f5   Data          34  mc60.o(.bss.currentKnownLocation)
    hspi1                                    0x20000118   Data         100  main.o(.bss.hspi1)
    htim3                                    0x2000017c   Data          72  main.o(.bss.htim3)
    huart1                                   0x200001c4   Data         136  main.o(.bss.huart1)
    huart3                                   0x2000024c   Data         136  main.o(.bss.huart3)
    pub_buffer                               0x200002d8   Data         992  mqtt.o(.bss.pub_buffer)
    pub_buffer_index                         0x200006b8   Data           2  mqtt.o(.bss.pub_buffer_index)
    publish_success                          0x200006ba   Data           1  main.o(.bss.publish_success)
    receive_flag                             0x200006bb   Data           1  main.o(.bss.receive_flag)
    rmc                                      0x200006bc   Data          47  mc60.o(.bss.rmc)
    rmc_data                                 0x200006ec   Data           4  mc60.o(.bss.rmc_data)
    rx_buffer                                0x200006f0   Data        2048  uart.o(.bss.rx_buffer)
    rx_buffer_temp                           0x20000ef0   Data        2048  uart.o(.bss.rx_buffer_temp)
    rxbuffer_temporary                       0x200016f0   Data         100  mc60.o(.bss.rxbuffer_temporary)
    status                                   0x20001754   Data           1  modelightindicator.o(.bss.status)
    uwTick                                   0x20001758   Data           4  stm32f0xx_hal.o(.bss.uwTick)



==============================================================================

Memory Map of the image

  Image Entry point : 0x080000b9

  Load Region LR_IROM1 (Base: 0x08000000, Size: 0x000072b0, Max: 0x00040000, ABSOLUTE)

    Execution Region ER_IROM1 (Exec base: 0x08000000, Load base: 0x08000000, Size: 0x00007290, Max: 0x00040000, ABSOLUTE)

    Exec Addr    Load Addr    Size         Type   Attr      Idx    E Section Name        Object

    0x08000000   0x08000000   0x000000b8   Data   RO            3    RESET               startup_stm32f030xc.o
    0x080000b8   0x080000b8   0x00000008   Code   RO         1613  * !!!main             c_p.l(__main.o)
    0x080000c0   0x080000c0   0x0000003c   Code   RO         1877    !!!scatter          c_p.l(__scatter.o)
    0x080000fc   0x080000fc   0x0000001a   Code   RO         1879    !!handler_copy      c_p.l(__scatter_copy.o)
    0x08000116   0x08000116   0x00000002   PAD
    0x08000118   0x08000118   0x0000001c   Code   RO         1881    !!handler_zi        c_p.l(__scatter_zi.o)
    0x08000134   0x08000134   0x00000002   Code   RO         1583    .ARM.Collect$$_printf_percent$$00000000  c_p.l(_printf_percent.o)
    0x08000136   0x08000136   0x0000000a   Code   RO         1582    .ARM.Collect$$_printf_percent$$00000009  c_p.l(_printf_d.o)
    0x08000140   0x08000140   0x0000000a   Code   RO         1581    .ARM.Collect$$_printf_percent$$00000014  c_p.l(_printf_s.o)
    0x0800014a   0x0800014a   0x00000004   Code   RO         1678    .ARM.Collect$$_printf_percent$$00000017  c_p.l(_printf_percent_end.o)
    0x0800014e   0x0800014e   0x00000002   Code   RO         1811    .ARM.Collect$$libinit$$00000000  c_p.l(libinit.o)
    0x08000150   0x08000150   0x00000000   Code   RO         1686    .ARM.Collect$$libinit$$00000002  c_p.l(libinit2.o)
    0x08000150   0x08000150   0x00000000   Code   RO         1688    .ARM.Collect$$libinit$$00000004  c_p.l(libinit2.o)
    0x08000150   0x08000150   0x00000000   Code   RO         1690    .ARM.Collect$$libinit$$00000006  c_p.l(libinit2.o)
    0x08000150   0x08000150   0x00000008   Code   RO         1691    .ARM.Collect$$libinit$$00000007  c_p.l(libinit2.o)
    0x08000158   0x08000158   0x00000000   Code   RO         1693    .ARM.Collect$$libinit$$0000000C  c_p.l(libinit2.o)
    0x08000158   0x08000158   0x00000000   Code   RO         1695    .ARM.Collect$$libinit$$0000000E  c_p.l(libinit2.o)
    0x08000158   0x08000158   0x00000000   Code   RO         1697    .ARM.Collect$$libinit$$00000010  c_p.l(libinit2.o)
    0x08000158   0x08000158   0x00000000   Code   RO         1700    .ARM.Collect$$libinit$$00000013  c_p.l(libinit2.o)
    0x08000158   0x08000158   0x00000000   Code   RO         1702    .ARM.Collect$$libinit$$00000015  c_p.l(libinit2.o)
    0x08000158   0x08000158   0x00000000   Code   RO         1704    .ARM.Collect$$libinit$$00000017  c_p.l(libinit2.o)
    0x08000158   0x08000158   0x00000000   Code   RO         1706    .ARM.Collect$$libinit$$00000019  c_p.l(libinit2.o)
    0x08000158   0x08000158   0x00000000   Code   RO         1708    .ARM.Collect$$libinit$$0000001B  c_p.l(libinit2.o)
    0x08000158   0x08000158   0x00000000   Code   RO         1710    .ARM.Collect$$libinit$$0000001D  c_p.l(libinit2.o)
    0x08000158   0x08000158   0x00000000   Code   RO         1712    .ARM.Collect$$libinit$$0000001F  c_p.l(libinit2.o)
    0x08000158   0x08000158   0x00000000   Code   RO         1714    .ARM.Collect$$libinit$$00000021  c_p.l(libinit2.o)
    0x08000158   0x08000158   0x00000000   Code   RO         1716    .ARM.Collect$$libinit$$00000023  c_p.l(libinit2.o)
    0x08000158   0x08000158   0x00000000   Code   RO         1718    .ARM.Collect$$libinit$$00000025  c_p.l(libinit2.o)
    0x08000158   0x08000158   0x00000000   Code   RO         1720    .ARM.Collect$$libinit$$00000027  c_p.l(libinit2.o)
    0x08000158   0x08000158   0x00000000   Code   RO         1724    .ARM.Collect$$libinit$$0000002E  c_p.l(libinit2.o)
    0x08000158   0x08000158   0x00000000   Code   RO         1726    .ARM.Collect$$libinit$$00000030  c_p.l(libinit2.o)
    0x08000158   0x08000158   0x00000000   Code   RO         1728    .ARM.Collect$$libinit$$00000032  c_p.l(libinit2.o)
    0x08000158   0x08000158   0x00000000   Code   RO         1730    .ARM.Collect$$libinit$$00000034  c_p.l(libinit2.o)
    0x08000158   0x08000158   0x00000002   Code   RO         1731    .ARM.Collect$$libinit$$00000035  c_p.l(libinit2.o)
    0x0800015a   0x0800015a   0x00000002   Code   RO         1874    .ARM.Collect$$libshutdown$$00000000  c_p.l(libshutdown.o)
    0x0800015c   0x0800015c   0x00000000   Code   RO         1830    .ARM.Collect$$libshutdown$$00000002  c_p.l(libshutdown2.o)
    0x0800015c   0x0800015c   0x00000000   Code   RO         1832    .ARM.Collect$$libshutdown$$00000004  c_p.l(libshutdown2.o)
    0x0800015c   0x0800015c   0x00000000   Code   RO         1835    .ARM.Collect$$libshutdown$$00000007  c_p.l(libshutdown2.o)
    0x0800015c   0x0800015c   0x00000000   Code   RO         1838    .ARM.Collect$$libshutdown$$0000000A  c_p.l(libshutdown2.o)
    0x0800015c   0x0800015c   0x00000000   Code   RO         1840    .ARM.Collect$$libshutdown$$0000000C  c_p.l(libshutdown2.o)
    0x0800015c   0x0800015c   0x00000000   Code   RO         1843    .ARM.Collect$$libshutdown$$0000000F  c_p.l(libshutdown2.o)
    0x0800015c   0x0800015c   0x00000002   Code   RO         1844    .ARM.Collect$$libshutdown$$00000010  c_p.l(libshutdown2.o)
    0x0800015e   0x0800015e   0x00000000   Code   RO         1642    .ARM.Collect$$rtentry$$00000000  c_p.l(__rtentry.o)
    0x0800015e   0x0800015e   0x00000000   Code   RO         1741    .ARM.Collect$$rtentry$$00000002  c_p.l(__rtentry2.o)
    0x0800015e   0x0800015e   0x00000006   Code   RO         1753    .ARM.Collect$$rtentry$$00000004  c_p.l(__rtentry4.o)
    0x08000164   0x08000164   0x00000000   Code   RO         1743    .ARM.Collect$$rtentry$$00000009  c_p.l(__rtentry2.o)
    0x08000164   0x08000164   0x00000004   Code   RO         1744    .ARM.Collect$$rtentry$$0000000A  c_p.l(__rtentry2.o)
    0x08000168   0x08000168   0x00000000   Code   RO         1746    .ARM.Collect$$rtentry$$0000000C  c_p.l(__rtentry2.o)
    0x08000168   0x08000168   0x00000008   Code   RO         1747    .ARM.Collect$$rtentry$$0000000D  c_p.l(__rtentry2.o)
    0x08000170   0x08000170   0x00000002   Code   RO         1817    .ARM.Collect$$rtexit$$00000000  c_p.l(rtexit.o)
    0x08000172   0x08000172   0x00000000   Code   RO         1850    .ARM.Collect$$rtexit$$00000002  c_p.l(rtexit2.o)
    0x08000172   0x08000172   0x00000004   Code   RO         1851    .ARM.Collect$$rtexit$$00000003  c_p.l(rtexit2.o)
    0x08000176   0x08000176   0x00000006   Code   RO         1852    .ARM.Collect$$rtexit$$00000004  c_p.l(rtexit2.o)
    0x0800017c   0x0800017c   0x00000038   Code   RO         1595    .emb_text           c_p.l(rt_memcpy.o)
    0x080001b4   0x080001b4   0x00000038   Code   RO            4    .text               startup_stm32f030xc.o
    0x080001ec   0x080001ec   0x00000062   Code   RO         1489    .text               c_p.l(h1_alloc.o)
    0x0800024e   0x0800024e   0x0000004c   Code   RO         1491    .text               c_p.l(h1_free.o)
    0x0800029a   0x0800029a   0x00000002   PAD
    0x0800029c   0x0800029c   0x00000028   Code   RO         1551    .text               c_p.l(noretval__2sprintf.o)
    0x080002c4   0x080002c4   0x0000004e   Code   RO         1555    .text               c_p.l(_printf_pad.o)
    0x08000312   0x08000312   0x00000052   Code   RO         1557    .text               c_p.l(_printf_str.o)
    0x08000364   0x08000364   0x0000006c   Code   RO         1559    .text               c_p.l(_printf_dec.o)
    0x080003d0   0x080003d0   0x00000138   Code   RO         1573    .text               c_p.l(__printf_flags_wp.o)
    0x08000508   0x08000508   0x00000010   Code   RO         1584    .text               c_p.l(strtok.o)
    0x08000518   0x08000518   0x00000028   Code   RO         1587    .text               c_p.l(strstr.o)
    0x08000540   0x08000540   0x0000004c   Code   RO         1589    .text               c_p.l(strcpy.o)
    0x0800058c   0x0800058c   0x00000044   Code   RO         1591    .text               c_p.l(strlen.o)
    0x080005d0   0x080005d0   0x00000018   Code   RO         1593    .text               c_p.l(strcat.o)
    0x080005e8   0x080005e8   0x00000082   Code   RO         1596    .text               c_p.l(rt_memcpy.o)
    0x0800066a   0x0800066a   0x00000040   Code   RO         1599    .text               c_p.l(rt_memclr.o)
    0x080006aa   0x080006aa   0x00000002   PAD
    0x080006ac   0x080006ac   0x000000b0   Code   RO         1601    .text               c_p.l(strcmpv6m.o)
    0x0800075c   0x0800075c   0x000001f8   Code   RO         1603    .text               c_p.l(aeabi_sdivfast.o)
    0x08000954   0x08000954   0x00000006   Code   RO         1611    .text               c_p.l(heapauxi.o)
    0x0800095a   0x0800095a   0x00000002   PAD
    0x0800095c   0x0800095c   0x0000007c   Code   RO         1615    .text               fz_ps.l(d2f.o)
    0x080009d8   0x080009d8   0x00000358   Code   RO         1617    .text               fz_ps.l(daddsub.o)
    0x08000d30   0x08000d30   0x00000058   Code   RO         1619    .text               fz_ps.l(dflti.o)
    0x08000d88   0x08000d88   0x00000248   Code   RO         1621    .text               fz_ps.l(dmul.o)
    0x08000fd0   0x08000fd0   0x00000054   Code   RO         1623    .text               fz_ps.l(f2d.o)
    0x08001024   0x08001024   0x00000160   Code   RO         1631    .text               fz_ps.l(fdiv.o)
    0x08001184   0x08001184   0x0000004c   Code   RO         1634    .text               fz_ps.l(ffixi.o)
    0x080011d0   0x080011d0   0x0000005e   Code   RO         1636    .text               fz_ps.l(fflti.o)
    0x0800122e   0x0800122e   0x00000002   PAD
    0x08001230   0x08001230   0x00000008   Code   RO         1650    .text               c_p.l(rt_heap_descriptor_intlibspace.o)
    0x08001238   0x08001238   0x00000004   Code   RO         1652    .text               c_p.l(hguard.o)
    0x0800123c   0x0800123c   0x00000088   Code   RO         1654    .text               c_p.l(init_alloc.o)
    0x080012c4   0x080012c4   0x0000000e   Code   RO         1658    .text               c_p.l(h1_init.o)
    0x080012d2   0x080012d2   0x000000b0   Code   RO         1670    .text               c_p.l(_printf_intcommon.o)
    0x08001382   0x08001382   0x00000002   PAD
    0x08001384   0x08001384   0x00000030   Code   RO         1672    .text               c_p.l(_printf_char_common.o)
    0x080013b4   0x080013b4   0x0000000a   Code   RO         1674    .text               c_p.l(_sputc.o)
    0x080013be   0x080013be   0x0000002e   Code   RO         1676    .text               c_p.l(_printf_char.o)
    0x080013ec   0x080013ec   0x00000048   Code   RO         1679    .text               c_p.l(strtok_int.o)
    0x08001434   0x08001434   0x00000028   Code   RO         1681    .text               c_p.l(rtudiv10.o)
    0x0800145c   0x0800145c   0x00000008   Code   RO         1737    .text               c_p.l(libspace.o)
    0x08001464   0x08001464   0x00000000   Code   RO         1759    .text               c_p.l(maybetermalloc1.o)
    0x08001464   0x08001464   0x00000034   Code   RO         1761    .text               c_p.l(h1_extend.o)
    0x08001498   0x08001498   0x0000000c   Code   RO         1767    .text               c_p.l(defsig_rtmem_outer.o)
    0x080014a4   0x080014a4   0x00000022   Code   RO         1771    .text               c_p.l(strcspn.o)
    0x080014c6   0x080014c6   0x00000020   Code   RO         1773    .text               c_p.l(strspn.o)
    0x080014e6   0x080014e6   0x00000002   Code   RO         1782    .text               c_p.l(use_no_semi.o)
    0x080014e8   0x080014e8   0x00000000   Code   RO         1784    .text               c_p.l(indicate_semi.o)
    0x080014e8   0x080014e8   0x0000003e   Code   RO         1785    .text               c_p.l(sys_stackheap_outer.o)
    0x08001526   0x08001526   0x00000010   Code   RO         1792    .text               c_p.l(exit.o)
    0x08001536   0x08001536   0x0000000c   Code   RO         1794    .text               c_p.l(defsig_exit.o)
    0x08001542   0x08001542   0x00000002   PAD
    0x08001544   0x08001544   0x00000050   Code   RO         1800    .text               c_p.l(defsig_rtmem_inner.o)
    0x08001594   0x08001594   0x0000000c   Code   RO         1812    .text               c_p.l(sys_exit.o)
    0x080015a0   0x080015a0   0x00000034   Code   RO         1825    .text               c_p.l(defsig_general.o)
    0x080015d4   0x080015d4   0x0000000c   Code   RO         1845    .text               c_p.l(sys_wrch.o)
    0x080015e0   0x080015e0   0x000000c0   Code   RO           25    .text.AGPS_On       mc60.o
    0x080016a0   0x080016a0   0x0000001c   Code   RO           15    .text.ATCommand_Send  mc60.o
    0x080016bc   0x080016bc   0x0000000a   Code   RO          239    .text.EXTI2_3_IRQHandler  stm32f0xx_it.o
    0x080016c6   0x080016c6   0x00000002   PAD
    0x080016c8   0x080016c8   0x000000d8   Code   RO          307    .text.Entry_StandbyMode  lowpowermode.o
    0x080017a0   0x080017a0   0x00000038   Code   RO          303    .text.Entry_StopMode  lowpowermode.o
    0x080017d8   0x080017d8   0x00000088   Code   RO          309    .text.Exit_StandbyMode  lowpowermode.o
    0x08001860   0x08001860   0x0000000c   Code   RO          305    .text.Exit_StopMode  lowpowermode.o
    0x0800186c   0x0800186c   0x0000002c   Code   RO           21    .text.GNSS_Power_On  mc60.o
    0x08001898   0x08001898   0x0000003e   Code   RO          693    .text.HAL_DMA_Abort  stm32f0xx_hal_dma.o
    0x080018d6   0x080018d6   0x00000042   Code   RO          695    .text.HAL_DMA_Abort_IT  stm32f0xx_hal_dma.o
    0x08001918   0x08001918   0x00000006   Code   RO          705    .text.HAL_DMA_GetState  stm32f0xx_hal_dma.o
    0x0800191e   0x0800191e   0x00000002   PAD
    0x08001920   0x08001920   0x00000024   Code   RO          625    .text.HAL_Delay     stm32f0xx_hal.o
    0x08001944   0x08001944   0x00000044   Code   RO          204    .text.HAL_GPIO_EXTI_Callback  main.o
    0x08001988   0x08001988   0x00000018   Code   RO          673    .text.HAL_GPIO_EXTI_IRQHandler  stm32f0xx_hal_gpio.o
    0x080019a0   0x080019a0   0x000001b4   Code   RO          661    .text.HAL_GPIO_Init  stm32f0xx_hal_gpio.o
    0x08001b54   0x08001b54   0x00000010   Code   RO          669    .text.HAL_GPIO_TogglePin  stm32f0xx_hal_gpio.o
    0x08001b64   0x08001b64   0x00000010   Code   RO          667    .text.HAL_GPIO_WritePin  stm32f0xx_hal_gpio.o
    0x08001b74   0x08001b74   0x0000000c   Code   RO          617    .text.HAL_GetTick   stm32f0xx_hal.o
    0x08001b80   0x08001b80   0x00000042   Code   RO          540    .text.HAL_I2CEx_ConfigAnalogFilter  stm32f0xx_hal_i2c_ex.o
    0x08001bc2   0x08001bc2   0x00000042   Code   RO          542    .text.HAL_I2CEx_ConfigDigitalFilter  stm32f0xx_hal_i2c_ex.o
    0x08001c04   0x08001c04   0x00000002   Code   RO          512    .text.HAL_I2C_AbortCpltCallback  stm32f0xx_hal_i2c.o
    0x08001c06   0x08001c06   0x00000002   Code   RO          502    .text.HAL_I2C_AddrCallback  stm32f0xx_hal_i2c.o
    0x08001c08   0x08001c08   0x00000082   Code   RO          490    .text.HAL_I2C_ER_IRQHandler  stm32f0xx_hal_i2c.o
    0x08001c8a   0x08001c8a   0x00000012   Code   RO          488    .text.HAL_I2C_EV_IRQHandler  stm32f0xx_hal_i2c.o
    0x08001c9c   0x08001c9c   0x00000002   Code   RO          510    .text.HAL_I2C_ErrorCallback  stm32f0xx_hal_i2c.o
    0x08001c9e   0x08001c9e   0x00000002   PAD
    0x08001ca0   0x08001ca0   0x000000a8   Code   RO          386    .text.HAL_I2C_Init  stm32f0xx_hal_i2c.o
    0x08001d48   0x08001d48   0x00000178   Code   RO          462    .text.HAL_I2C_IsDeviceReady  stm32f0xx_hal_i2c.o
    0x08001ec0   0x08001ec0   0x00000002   Code   RO          504    .text.HAL_I2C_ListenCpltCallback  stm32f0xx_hal_i2c.o
    0x08001ec2   0x08001ec2   0x00000002   PAD
    0x08001ec4   0x08001ec4   0x00000224   Code   RO          446    .text.HAL_I2C_Mem_Write  stm32f0xx_hal_i2c.o
    0x080020e8   0x080020e8   0x00000070   Code   RO          260    .text.HAL_I2C_MspInit  stm32f0xx_hal_msp.o
    0x08002158   0x08002158   0x00000002   Code   RO          500    .text.HAL_I2C_SlaveRxCpltCallback  stm32f0xx_hal_i2c.o
    0x0800215a   0x0800215a   0x00000002   Code   RO          498    .text.HAL_I2C_SlaveTxCpltCallback  stm32f0xx_hal_i2c.o
    0x0800215c   0x0800215c   0x00000060   Code   RO          863    .text.HAL_IWDG_Init  stm32f0xx_hal_iwdg.o
    0x080021bc   0x080021bc   0x00000010   Code   RO          865    .text.HAL_IWDG_Refresh  stm32f0xx_hal_iwdg.o
    0x080021cc   0x080021cc   0x00000014   Code   RO          615    .text.HAL_IncTick   stm32f0xx_hal.o
    0x080021e0   0x080021e0   0x0000001c   Code   RO          605    .text.HAL_Init      stm32f0xx_hal.o
    0x080021fc   0x080021fc   0x00000040   Code   RO          607    .text.HAL_InitTick  stm32f0xx_hal.o
    0x0800223c   0x0800223c   0x0000002c   Code   RO          258    .text.HAL_MspInit   stm32f0xx_hal_msp.o
    0x08002268   0x08002268   0x00000018   Code   RO          719    .text.HAL_NVIC_EnableIRQ  stm32f0xx_hal_cortex.o
    0x08002280   0x08002280   0x00000038   Code   RO          717    .text.HAL_NVIC_SetPriority  stm32f0xx_hal_cortex.o
    0x080022b8   0x080022b8   0x0000000c   Code   RO          757    .text.HAL_PWR_DisableWakeUpPin  stm32f0xx_hal_pwr.o
    0x080022c4   0x080022c4   0x00000010   Code   RO          755    .text.HAL_PWR_EnableWakeUpPin  stm32f0xx_hal_pwr.o
    0x080022d4   0x080022d4   0x00000018   Code   RO          763    .text.HAL_PWR_EnterSTANDBYMode  stm32f0xx_hal_pwr.o
    0x080022ec   0x080022ec   0x00000038   Code   RO          761    .text.HAL_PWR_EnterSTOPMode  stm32f0xx_hal_pwr.o
    0x08002324   0x08002324   0x00000100   Code   RO          591    .text.HAL_RCCEx_PeriphCLKConfig  stm32f0xx_hal_rcc_ex.o
    0x08002424   0x08002424   0x00000138   Code   RO          560    .text.HAL_RCC_ClockConfig  stm32f0xx_hal_rcc.o
    0x0800255c   0x0800255c   0x0000001c   Code   RO          572    .text.HAL_RCC_GetPCLK1Freq  stm32f0xx_hal_rcc.o
    0x08002578   0x08002578   0x0000003c   Code   RO          562    .text.HAL_RCC_GetSysClockFreq  stm32f0xx_hal_rcc.o
    0x080025b4   0x080025b4   0x00000410   Code   RO          558    .text.HAL_RCC_OscConfig  stm32f0xx_hal_rcc.o
    0x080029c4   0x080029c4   0x00000010   Code   RO          629    .text.HAL_ResumeTick  stm32f0xx_hal.o
    0x080029d4   0x080029d4   0x00000002   Code   RO          959    .text.HAL_SPI_ErrorCallback  stm32f0xx_hal_spi.o
    0x080029d6   0x080029d6   0x00000002   PAD
    0x080029d8   0x080029d8   0x00000168   Code   RO          955    .text.HAL_SPI_IRQHandler  stm32f0xx_hal_spi.o
    0x08002b40   0x08002b40   0x000000fc   Code   RO          875    .text.HAL_SPI_Init  stm32f0xx_hal_spi.o
    0x08002c3c   0x08002c3c   0x00000070   Code   RO          264    .text.HAL_SPI_MspInit  stm32f0xx_hal_msp.o
    0x08002cac   0x08002cac   0x00000190   Code   RO          895    .text.HAL_SPI_Receive_IT  stm32f0xx_hal_spi.o
    0x08002e3c   0x08002e3c   0x00000002   Code   RO          963    .text.HAL_SPI_RxCpltCallback  stm32f0xx_hal_spi.o
    0x08002e3e   0x08002e3e   0x00000002   PAD
    0x08002e40   0x08002e40   0x00000094   Code   RO          889    .text.HAL_SPI_Transmit_IT  stm32f0xx_hal_spi.o
    0x08002ed4   0x08002ed4   0x00000002   Code   RO          961    .text.HAL_SPI_TxCpltCallback  stm32f0xx_hal_spi.o
    0x08002ed6   0x08002ed6   0x00000002   Code   RO          965    .text.HAL_SPI_TxRxCpltCallback  stm32f0xx_hal_spi.o
    0x08002ed8   0x08002ed8   0x00000030   Code   RO          725    .text.HAL_SYSTICK_Config  stm32f0xx_hal_cortex.o
    0x08002f08   0x08002f08   0x00000010   Code   RO          627    .text.HAL_SuspendTick  stm32f0xx_hal.o
    0x08002f18   0x08002f18   0x00000002   Code   RO         1305    .text.HAL_TIMEx_BreakCallback  stm32f0xx_hal_tim_ex.o
    0x08002f1a   0x08002f1a   0x00000002   Code   RO         1301    .text.HAL_TIMEx_CommutCallback  stm32f0xx_hal_tim_ex.o
    0x08002f1c   0x08002f1c   0x00000050   Code   RO         1014    .text.HAL_TIM_Base_Start_IT  stm32f0xx_hal_tim.o
    0x08002f6c   0x08002f6c   0x0000003c   Code   RO         1016    .text.HAL_TIM_Base_Stop_IT  stm32f0xx_hal_tim.o
    0x08002fa8   0x08002fa8   0x00000002   Code   RO         1136    .text.HAL_TIM_IC_CaptureCallback  stm32f0xx_hal_tim.o
    0x08002faa   0x08002faa   0x00000148   Code   RO         1134    .text.HAL_TIM_IRQHandler  stm32f0xx_hal_tim.o
    0x080030f2   0x080030f2   0x00000002   Code   RO         1138    .text.HAL_TIM_OC_DelayElapsedCallback  stm32f0xx_hal_tim.o
    0x080030f4   0x080030f4   0x00000002   Code   RO         1140    .text.HAL_TIM_PWM_PulseFinishedCallback  stm32f0xx_hal_tim.o
    0x080030f6   0x080030f6   0x00000002   PAD
    0x080030f8   0x080030f8   0x00000018   Code   RO          290    .text.HAL_TIM_PeriodElapsedCallback  timer.o
    0x08003110   0x08003110   0x00000002   Code   RO         1144    .text.HAL_TIM_TriggerCallback  stm32f0xx_hal_tim.o
    0x08003112   0x08003112   0x00000002   Code   RO         1403    .text.HAL_UARTEx_RxEventCallback  stm32f0xx_hal_uart.o
    0x08003114   0x08003114   0x00000002   Code   RO         1401    .text.HAL_UART_ErrorCallback  stm32f0xx_hal_uart.o
    0x08003116   0x08003116   0x00000002   PAD
    0x08003118   0x08003118   0x000003d8   Code   RO         1397    .text.HAL_UART_IRQHandler  stm32f0xx_hal_uart.o
    0x080034f0   0x080034f0   0x00000068   Code   RO         1319    .text.HAL_UART_Init  stm32f0xx_hal_uart.o
    0x08003558   0x08003558   0x000000b0   Code   RO          272    .text.HAL_UART_MspInit  stm32f0xx_hal_msp.o
    0x08003608   0x08003608   0x00000066   Code   RO         1349    .text.HAL_UART_Receive_IT  stm32f0xx_hal_uart.o
    0x0800366e   0x0800366e   0x00000002   PAD
    0x08003670   0x08003670   0x0000009c   Code   RO          321    .text.HAL_UART_RxCpltCallback  uart.o
    0x0800370c   0x0800370c   0x000000d8   Code   RO         1337    .text.HAL_UART_Transmit  stm32f0xx_hal_uart.o
    0x080037e4   0x080037e4   0x00000002   Code   RO         1405    .text.HAL_UART_TxCpltCallback  stm32f0xx_hal_uart.o
    0x080037e6   0x080037e6   0x00000002   PAD
    0x080037e8   0x080037e8   0x00000100   Code   RO          371    .text.HandleErrorRx  stringprocessing.o
    0x080038e8   0x080038e8   0x00000028   Code   RO          346    .text.HandlePublishError  mqtt.o
    0x08003910   0x08003910   0x00000002   Code   RO          231    .text.HardFault_Handler  stm32f0xx_it.o
    0x08003912   0x08003912   0x00000002   PAD
    0x08003914   0x08003914   0x00000024   Code   RO          243    .text.I2C1_IRQHandler  stm32f0xx_it.o
    0x08003938   0x08003938   0x0000003e   Code   RO          474    .text.I2C_DMAAbort  stm32f0xx_hal_i2c.o
    0x08003976   0x08003976   0x00000002   PAD
    0x08003978   0x08003978   0x000000a8   Code   RO          528    .text.I2C_ITAddrCplt  stm32f0xx_hal_i2c.o
    0x08003a20   0x08003a20   0x00000178   Code   RO          492    .text.I2C_ITError   stm32f0xx_hal_i2c.o
    0x08003b98   0x08003b98   0x000001fc   Code   RO          524    .text.I2C_ITSlaveCplt  stm32f0xx_hal_i2c.o
    0x08003d94   0x08003d94   0x00000084   Code   RO          526    .text.I2C_ITSlaveSeqCplt  stm32f0xx_hal_i2c.o
    0x08003e18   0x08003e18   0x00000180   Code   RO          530    .text.I2C_IsErrorOccurred  stm32f0xx_hal_i2c.o
    0x08003f98   0x08003f98   0x00000264   Code   RO          420    .text.I2C_Slave_ISR_IT  stm32f0xx_hal_i2c.o
    0x080041fc   0x080041fc   0x000000de   Code   RO          396    .text.I2C_WaitOnFlagUntilTimeout  stm32f0xx_hal_i2c.o
    0x080042da   0x080042da   0x00000086   Code   RO          400    .text.I2C_WaitOnSTOPFlagUntilTimeout  stm32f0xx_hal_i2c.o
    0x08004360   0x08004360   0x000000a6   Code   RO          398    .text.I2C_WaitOnTXISFlagUntilTimeout  stm32f0xx_hal_i2c.o
    0x08004406   0x08004406   0x00000002   PAD
    0x08004408   0x08004408   0x00000030   Code   RO           11    .text.MC60_PowerOn  mc60.o
    0x08004438   0x08004438   0x00000130   Code   RO          344    .text.MQTT_Process  mqtt.o
    0x08004568   0x08004568   0x00000060   Code   RO          340    .text.MQTT_Server_Pub  mqtt.o
    0x080045c8   0x080045c8   0x00000002   Code   RO          229    .text.NMI_Handler   stm32f0xx_it.o
    0x080045ca   0x080045ca   0x00000002   Code   RO          235    .text.PendSV_Handler  stm32f0xx_it.o
    0x080045cc   0x080045cc   0x00000010   Code   RO          245    .text.SPI1_IRQHandler  stm32f0xx_it.o
    0x080045dc   0x080045dc   0x00000032   Code   RO          903    .text.SPI_2linesRxISR_16BIT  stm32f0xx_hal_spi.o
    0x0800460e   0x0800460e   0x00000066   Code   RO          907    .text.SPI_2linesRxISR_8BIT  stm32f0xx_hal_spi.o
    0x08004674   0x08004674   0x00000032   Code   RO          905    .text.SPI_2linesTxISR_16BIT  stm32f0xx_hal_spi.o
    0x080046a6   0x080046a6   0x00000002   PAD
    0x080046a8   0x080046a8   0x00000050   Code   RO          909    .text.SPI_2linesTxISR_8BIT  stm32f0xx_hal_spi.o
    0x080046f8   0x080046f8   0x00000086   Code   RO          977    .text.SPI_CloseRxTx_ISR  stm32f0xx_hal_spi.o
    0x0800477e   0x0800477e   0x0000009a   Code   RO          979    .text.SPI_CloseRx_ISR  stm32f0xx_hal_spi.o
    0x08004818   0x08004818   0x0000008a   Code   RO          981    .text.SPI_CloseTx_ISR  stm32f0xx_hal_spi.o
    0x080048a2   0x080048a2   0x00000012   Code   RO          957    .text.SPI_DMAAbortOnError  stm32f0xx_hal_spi.o
    0x080048b4   0x080048b4   0x00000024   Code   RO          899    .text.SPI_RxISR_16BIT  stm32f0xx_hal_spi.o
    0x080048d8   0x080048d8   0x00000026   Code   RO          901    .text.SPI_RxISR_8BIT  stm32f0xx_hal_spi.o
    0x080048fe   0x080048fe   0x00000022   Code   RO          891    .text.SPI_TxISR_16BIT  stm32f0xx_hal_spi.o
    0x08004920   0x08004920   0x00000024   Code   RO          893    .text.SPI_TxISR_8BIT  stm32f0xx_hal_spi.o
    0x08004944   0x08004944   0x00000160   Code   RO          937    .text.SPI_WaitFifoStateUntilTimeout  stm32f0xx_hal_spi.o
    0x08004aa4   0x08004aa4   0x000000d0   Code   RO          939    .text.SPI_WaitFlagStateUntilTimeout  stm32f0xx_hal_spi.o
    0x08004b74   0x08004b74   0x00000002   Code   RO          233    .text.SVC_Handler   stm32f0xx_it.o
    0x08004b76   0x08004b76   0x00000008   Code   RO          237    .text.SysTick_Handler  stm32f0xx_it.o
    0x08004b7e   0x08004b7e   0x00000070   Code   RO          208    .text.SystemClock_Config  main.o
    0x08004bee   0x08004bee   0x00000002   Code   RO         1469    .text.SystemInit    system_stm32f0xx.o
    0x08004bf0   0x08004bf0   0x0000000c   Code   RO          241    .text.TIM3_IRQHandler  stm32f0xx_it.o
    0x08004bfc   0x08004bfc   0x000000c8   Code   RO          288    .text.TimerCallbackHandle  timer.o
    0x08004cc4   0x08004cc4   0x000000d2   Code   RO         1325    .text.UART_AdvFeatureConfig  stm32f0xx_hal_uart.o
    0x08004d96   0x08004d96   0x00000002   PAD
    0x08004d98   0x08004d98   0x000000c4   Code   RO         1327    .text.UART_CheckIdleState  stm32f0xx_hal_uart.o
    0x08004e5c   0x08004e5c   0x00000016   Code   RO         1399    .text.UART_DMAAbortOnError  stm32f0xx_hal_uart.o
    0x08004e72   0x08004e72   0x000000ca   Code   RO         1433    .text.UART_RxISR_16BIT  stm32f0xx_hal_uart.o
    0x08004f3c   0x08004f3c   0x000000cc   Code   RO         1435    .text.UART_RxISR_8BIT  stm32f0xx_hal_uart.o
    0x08005008   0x08005008   0x00000164   Code   RO         1323    .text.UART_SetConfig  stm32f0xx_hal_uart.o
    0x0800516c   0x0800516c   0x000000cc   Code   RO         1351    .text.UART_Start_Receive_IT  stm32f0xx_hal_uart.o
    0x08005238   0x08005238   0x000001a2   Code   RO         1339    .text.UART_WaitOnFlagUntilTimeout  stm32f0xx_hal_uart.o
    0x080053da   0x080053da   0x00000002   PAD
    0x080053dc   0x080053dc   0x00000010   Code   RO          247    .text.USART1_IRQHandler  stm32f0xx_it.o
    0x080053ec   0x080053ec   0x00000010   Code   RO          249    .text.USART3_6_IRQHandler  stm32f0xx_it.o
    0x080053fc   0x080053fc   0x000000a8   Code   RO          134    .text.W25Q16_Erase_Sector  w25q16.o
    0x080054a4   0x080054a4   0x00000050   Code   RO          128    .text.W25Q16_FastRead  w25q16.o
    0x080054f4   0x080054f4   0x00000050   Code   RO          124    .text.W25Q16_ReadID  w25q16.o
    0x08005544   0x08005544   0x0000003c   Code   RO          122    .text.W25Q16_Reset  w25q16.o
    0x08005580   0x08005580   0x000000b4   Code   RO          148    .text.W25Q16_Write_Byte_to_Sector_Start  w25q16.o
    0x08005634   0x08005634   0x000000ca   Code   RO          106    .text.configureNoMotionInterrupt  bma253.o
    0x080056fe   0x080056fe   0x00000002   PAD
    0x08005700   0x08005700   0x000000dc   Code   RO           54    .text.decodeLat     gnss_data.o
    0x080057dc   0x080057dc   0x000000ec   Code   RO           56    .text.decodeLong    gnss_data.o
    0x080058c8   0x080058c8   0x00000524   Code   RO           66    .text.decodeRMC     gnss_data.o
    0x08005dec   0x08005dec   0x000001c8   Code   RO           17    .text.expectedResponse  mc60.o
    0x08005fb4   0x08005fb4   0x000003a4   Code   RO           52    .text.floatToString  gnss_data.o
    0x08006358   0x08006358   0x00000074   Code   RO           44    .text.get_sentence_by_header  gnss_data.o
    0x080063cc   0x080063cc   0x000004c8   Code   RO          206    .text.main          main.o
    0x08006894   0x08006894   0x000000f8   Code   RO          338    .text.publishHandle  mqtt.o
    0x0800698c   0x0800698c   0x000000b8   Code   RO          373    .text.rxProcess     stringprocessing.o
    0x08006a44   0x08006a44   0x0000008c   Code   RO           19    .text.sendCommandToMC60  mc60.o
    0x08006ad0   0x08006ad0   0x000001a4   Code   RO           72    .text.timedatelatlong_data_format  gnss_data.o
    0x08006c74   0x08006c74   0x000001f6   Code   RO         1604    .text_divfast       c_p.l(aeabi_sdivfast.o)
    0x08006e6a   0x08006e6a   0x0000000e   Code   RO         1571    i._is_digit         c_p.l(__printf_wp.o)
    0x08006e78   0x08006e78   0x0000008c   Code   RO         1625    x$fpl$fadd          fz_ps.l(faddsub.o)
    0x08006f04   0x08006f04   0x000000b0   Code   RO         1638    x$fpl$fmul          fz_ps.l(fmul.o)
    0x08006fb4   0x08006fb4   0x000000d0   Code   RO         1627    x$fpl$fsub          fz_ps.l(faddsub.o)
    0x08007084   0x08007084   0x00000000   Code   RO         1732    x$fpl$usenofp       fz_ps.l(usenofp.o)
    0x08007084   0x08007084   0x00000011   Data   RO         1574    .constdata          c_p.l(__printf_flags_wp.o)
    0x08007095   0x08007095   0x00000040   Data   RO         1632    .constdata          fz_ps.l(fdiv.o)
    0x080070d5   0x080070d5   0x00000010   Data   RO         1474    .rodata.AHBPrescTable  system_stm32f0xx.o
    0x080070e5   0x080070e5   0x00000008   Data   RO         1475    .rodata.APBPrescTable  system_stm32f0xx.o
    0x080070ed   0x080070ed   0x00000020   Data   RO          582    .rodata.cst16       stm32f0xx_hal_rcc.o
    0x0800710d   0x0800710d   0x00000024   Data   RO           27    .rodata.str1.1      mc60.o
    0x08007131   0x08007131   0x00000018   Data   RO           74    .rodata.str1.1      gnss_data.o
    0x08007149   0x08007149   0x000000db   Data   RO          357    .rodata.str1.1      mqtt.o
    0x08007224   0x08007224   0x00000013   Data   RO          376    .rodata.str1.1      stringprocessing.o
    0x08007237   0x08007237   0x00000001   PAD
    0x08007238   0x08007238   0x00000020   Data   RO           28    .rodata.str1.4      mc60.o
    0x08007258   0x08007258   0x00000016   Data   RO           75    .rodata.str1.4      gnss_data.o
    0x0800726e   0x0800726e   0x00000002   PAD
    0x08007270   0x08007270   0x00000020   Data   RO         1876    Region$$Table       anon$$obj.o


    Execution Region RW_IRAM1 (Exec base: 0x20000000, Load base: 0x08007290, Size: 0x00001d60, Max: 0x00008000, ABSOLUTE)

    Exec Addr    Load Addr    Size         Type   Attr      Idx    E Section Name        Object

    0x20000000   0x08007290   0x00000004   Data   RW         1585    .data               c_p.l(strtok.o)
    0x20000004   0x08007294   0x00000003   Data   RW          294    .data..L_MergedGlobals  timer.o
    0x20000007   0x08007297   0x00000003   Data   RW          377    .data..L_MergedGlobals  stringprocessing.o
    0x2000000a   0x0800729a   0x00000002   PAD
    0x2000000c   0x0800729c   0x00000008   Data   RW          652    .data..L_MergedGlobals  stm32f0xx_hal.o
    0x20000014   0x080072a4   0x00000004   Data   RW         1473    .data.SystemCoreClock  system_stm32f0xx.o
    0x20000018   0x080072a8   0x00000001   Data   RW          214    .data.go_to_Standby  main.o
    0x20000019   0x080072a9   0x00000001   Data   RW          354    .data.isPublish     mqtt.o
    0x2000001a   0x080072aa   0x00000006   PAD
    0x20000020        -       0x00000060   Zero   RW         1738    .bss                c_p.l(libspace.o)
    0x20000080        -       0x0000006c   Zero   RW          220    .bss..L_MergedGlobals  main.o
    0x200000ec        -       0x00000008   Zero   RW          325    .bss..L_MergedGlobals  uart.o
    0x200000f4        -       0x00000001   Zero   RW          375    .bss.count_creg_resetMCU  stringprocessing.o
    0x200000f5        -       0x00000022   Zero   RW           35    .bss.currentKnownLocation  mc60.o
    0x20000117   0x080072aa   0x00000001   PAD
    0x20000118        -       0x00000064   Zero   RW          217    .bss.hspi1          main.o
    0x2000017c        -       0x00000048   Zero   RW          218    .bss.htim3          main.o
    0x200001c4        -       0x00000088   Zero   RW          215    .bss.huart1         main.o
    0x2000024c        -       0x00000088   Zero   RW          216    .bss.huart3         main.o
    0x200002d4   0x080072aa   0x00000004   PAD
    0x200002d8        -       0x000003e0   Zero   RW          358    .bss.pub_buffer     mqtt.o
    0x200006b8        -       0x00000002   Zero   RW          355    .bss.pub_buffer_index  mqtt.o
    0x200006ba        -       0x00000001   Zero   RW          213    .bss.publish_success  main.o
    0x200006bb        -       0x00000001   Zero   RW          212    .bss.receive_flag   main.o
    0x200006bc        -       0x0000002f   Zero   RW           31    .bss.rmc            mc60.o
    0x200006eb   0x080072aa   0x00000001   PAD
    0x200006ec        -       0x00000004   Zero   RW           30    .bss.rmc_data       mc60.o
    0x200006f0        -       0x00000800   Zero   RW          323    .bss.rx_buffer      uart.o
    0x20000ef0        -       0x00000800   Zero   RW          324    .bss.rx_buffer_temp  uart.o
    0x200016f0        -       0x00000064   Zero   RW           29    .bss.rxbuffer_temporary  mc60.o
    0x20001754        -       0x00000001   Zero   RW          196    .bss.status         modelightindicator.o
    0x20001755   0x080072aa   0x00000003   PAD
    0x20001758        -       0x00000004   Zero   RW          651    .bss.uwTick         stm32f0xx_hal.o
    0x2000175c   0x080072aa   0x00000004   PAD
    0x20001760        -       0x00000200   Zero   RW            2    HEAP                startup_stm32f030xc.o
    0x20001960        -       0x00000400   Zero   RW            1    STACK               startup_stm32f030xc.o


==============================================================================

Image component sizes


      Code (inc. data)   RO Data    RW Data    ZI Data      Debug   Object Name

       202          0          0          0          0       5090   bma253.o
      3240         60         46          0          0      16998   gnss_data.o
       420        132          0          0          0       2233   lowpowermode.o
      1404         92          0          1        554      12510   main.o
       908        392         68          0        185       3694   mc60.o
         0          0          0          0          1       2474   modelightindicator.o
       688        192        219          1        994       5111   mqtt.o
        56         26        184          0       1536        640   startup_stm32f030xc.o
       192         24          0          8          4       5304   stm32f0xx_hal.o
       128         20          0          0          0       5513   stm32f0xx_hal_cortex.o
       134          0          0          0          0       8165   stm32f0xx_hal_dma.o
       492         28          0          0          0       4988   stm32f0xx_hal_gpio.o
      4016         84          0          0          0      62491   stm32f0xx_hal_i2c.o
       132          0          0          0          0       4958   stm32f0xx_hal_i2c_ex.o
       112         12          0          0          0       1786   stm32f0xx_hal_iwdg.o
       444         36          0          0          0      10931   stm32f0xx_hal_msp.o
       108          8          0          0          0       3037   stm32f0xx_hal_pwr.o
      1440         48         32          0          0       7591   stm32f0xx_hal_rcc.o
       256         12          0          0          0       3290   stm32f0xx_hal_rcc_ex.o
      2598         48          0          0          0      27118   stm32f0xx_hal_spi.o
       476         16          0          0          0      61862   stm32f0xx_hal_tim.o
         4          0          0          0          0      22585   stm32f0xx_hal_tim_ex.o
      3224        112          0          0          0      40198   stm32f0xx_hal_uart.o
       122         16          0          0          0       3052   stm32f0xx_it.o
       440         92         19          3          1       2864   stringprocessing.o
         2          0         24          4          0       1711   system_stm32f0xx.o
       224         22          0          3          0       5259   timer.o
       156         28          0          0       4104       4105   uart.o
       568          4          0          0          0      15470   w25q16.o

    ----------------------------------------------------------------------
     22220       1504        627         24       7396     351028   Object Totals
         0          0         32          0          0          0   (incl. Generated)
        34          0          3          4         17          0   (incl. Padding)

    ----------------------------------------------------------------------

      Code (inc. data)   RO Data    RW Data    ZI Data      Debug   Library Member Name

         8          0          0          0          0         68   __main.o
       312          6         17          0          0         76   __printf_flags_wp.o
        14          0          0          0          0         60   __printf_wp.o
         0          0          0          0          0          0   __rtentry.o
        12          0          0          0          0          0   __rtentry2.o
         6          0          0          0          0          0   __rtentry4.o
        60          8          0          0          0          0   __scatter.o
        26          0          0          0          0          0   __scatter_copy.o
        28          0          0          0          0          0   __scatter_zi.o
        46          0          0          0          0        100   _printf_char.o
        48          6          0          0          0         88   _printf_char_common.o
        10          0          0          0          0          0   _printf_d.o
       108         18          0          0          0         76   _printf_dec.o
       176          0          0          0          0         84   _printf_intcommon.o
        78          0          0          0          0        100   _printf_pad.o
         2          0          0          0          0          0   _printf_percent.o
         4          0          0          0          0          0   _printf_percent_end.o
        10          0          0          0          0          0   _printf_s.o
        82          0          0          0          0         72   _printf_str.o
        10          0          0          0          0         60   _sputc.o
      1006          4          0          0          0        184   aeabi_sdivfast.o
        12          0          0          0          0         68   defsig_exit.o
        52          0          0          0          0         72   defsig_general.o
        80         58          0          0          0         68   defsig_rtmem_inner.o
        12          0          0          0          0         68   defsig_rtmem_outer.o
        16          0          0          0          0         68   exit.o
        98          0          0          0          0         72   h1_alloc.o
        52          0          0          0          0         68   h1_extend.o
        76          0          0          0          0         72   h1_free.o
        14          0          0          0          0         76   h1_init.o
         6          0          0          0          0        136   heapauxi.o
         4          0          0          0          0        120   hguard.o
         0          0          0          0          0          0   indicate_semi.o
       136          0          0          0          0        160   init_alloc.o
         2          0          0          0          0          0   libinit.o
        10          0          0          0          0          0   libinit2.o
         2          0          0          0          0          0   libshutdown.o
         2          0          0          0          0          0   libshutdown2.o
         8          4          0          0         96         68   libspace.o
         0          0          0          0          0          0   maybetermalloc1.o
        40          4          0          0          0         84   noretval__2sprintf.o
         8          4          0          0          0         68   rt_heap_descriptor_intlibspace.o
        64          0          0          0          0        108   rt_memclr.o
       186          0          0          0          0        144   rt_memcpy.o
         2          0          0          0          0          0   rtexit.o
        10          0          0          0          0          0   rtexit2.o
        40          0          0          0          0         60   rtudiv10.o
        24          0          0          0          0         60   strcat.o
       176          4          0          0          0         80   strcmpv6m.o
        76          6          0          0          0         72   strcpy.o
        34          0          0          0          0         72   strcspn.o
        68          6          0          0          0         72   strlen.o
        32          0          0          0          0         72   strspn.o
        40          0          0          0          0         72   strstr.o
        16          6          0          4          0         68   strtok.o
        72          6          0          0          0         76   strtok_int.o
        12          4          0          0          0         60   sys_exit.o
        62          0          0          0          0         80   sys_stackheap_outer.o
        12          0          0          0          0         68   sys_wrch.o
         2          0          0          0          0         68   use_no_semi.o
       124          4          0          0          0         72   d2f.o
       856         20          0          0          0        208   daddsub.o
        88          0          0          0          0         92   dflti.o
       584         26          0          0          0         84   dmul.o
        84          4          0          0          0         60   f2d.o
       348          8          0          0          0        160   faddsub.o
       352         10         64          0          0         92   fdiv.o
        76          0          0          0          0         68   ffixi.o
        94          0          0          0          0         92   fflti.o
       176          4          0          0          0         80   fmul.o
         0          0          0          0          0          0   usenofp.o

    ----------------------------------------------------------------------
      6400        220         81          4         96       4476   Library Totals
        14          0          0          0          0          0   (incl. Padding)

    ----------------------------------------------------------------------

      Code (inc. data)   RO Data    RW Data    ZI Data      Debug   Library Name

      3604        144         17          4         96       3468   c_p.l
      2782         76         64          0          0       1008   fz_ps.l

    ----------------------------------------------------------------------
      6400        220         81          4         96       4476   Library Totals

    ----------------------------------------------------------------------

==============================================================================


      Code (inc. data)   RO Data    RW Data    ZI Data      Debug   

     28620       1724        708         28       7492     352672   Grand Totals
     28620       1724        708         28       7492     352672   ELF Image Totals
     28620       1724        708         28          0          0   ROM Totals

==============================================================================

    Total RO  Size (Code + RO Data)                29328 (  28.64kB)
    Total RW  Size (RW Data + ZI Data)              7520 (   7.34kB)
    Total ROM Size (Code + RO Data + RW Data)      29356 (  28.67kB)

==============================================================================

