../Core/Src/main.c:64:9:receiveCommand	8	static
../Core/Src/main.c:79:6:UART_RxCallback_Process	16	static
../Core/Src/main.c:100:6:HAL_UART_RxCpltCallback	16	static
../Core/Src/main.c:128:7:expectedResponse	24	static
../Core/Src/main.c:158:6:sendCommandToMC60	24	static
../Core/Src/main.c:171:6:HandlePublishError	8	static
../Core/Src/main.c:178:9:VerifyResponseContent	16	static
../Core/Src/main.c:183:6:UART_Rx_Process	40	static
../Core/Src/main.c:206:6:MQTT_Process	8	static
../Core/Src/main.c:223:6:AGPS_On	8	static
../Core/Src/main.c:248:5:main	24	static
../Core/Src/main.c:583:6:SystemClock_Config	96	static
../Core/Src/main.c:627:13:MX_I2C1_Init	8	static
../Core/Src/main.c:675:13:MX_USART1_UART_Init	8	static
../Core/Src/main.c:710:13:MX_USART3_UART_Init	8	static
../Core/Src/main.c:745:13:MX_GPIO_Init	48	static
../Core/Src/main.c:799:6:Error_Handler	8	static,ignoring_inline_asm
